BL51 BANKED LINKER/LOCATER V6.22                                                        12/21/2022  23:08:09  PAGE 1


BL51 BANKED LINKER/LOCATER V6.22, INVOKED BY:
C:\KEIL\C51\BIN\BL51.EXE fw.obj, bulkloop.obj, dscr.obj, twi.obj, .\EZUSB.LIB, .\USBJmpTb.OBJ TO bulkloop RAMSIZE (256) 
>> CODE (0X80-0X0FFF) XDATA (0X1000)


MEMORY MODEL: SMALL


INPUT MODULES INCLUDED:
  fw.obj (FW)
  bulkloop.obj (BULKLOOP)
  dscr.obj (DSCR)
  twi.obj (TWI)
  .\EZUSB.LIB (RESUME)
  .\EZUSB.LIB (DISCON)
  .\EZUSB.LIB (EZREGS)
  .\EZUSB.LIB (GET_STRD)
  .\EZUSB.LIB (SUSP)
  .\EZUSB.LIB (DELAY)
  .\EZUSB.LIB (DELAY1MS)
  .\USBJmpTb.OBJ (USBJMPTBL)
  C:\KEIL\C51\LIB\C51S.LIB (?C_STARTUP)
  C:\KEIL\C51\LIB\C51S.LIB (?C?ULCMP)
  C:\KEIL\C51\LIB\C51S.LIB (?C_IBP)
  C:\KEIL\C51\LIB\C51S.LIB (?C_INIT)


LINK MAP OF MODULE:  bulkloop (FW)


            TYPE    BASE      LENGTH    RELOCATION   SEGMENT NAME
            -----------------------------------------------------

            * * * * * * *   D A T A   M E M O R Y   * * * * * * *
            REG     0000H     0008H     ABSOLUTE     "REG BANK 0"
            DATA    0008H     0012H     UNIT         _DATA_GROUP_
            DATA    001AH     0001H     UNIT         ?C?LIB_DATA
                    001BH     0005H                  *** GAP ***
            BIT     0020H.0   0000H.4   UNIT         ?BI?FW
            BIT     0020H.4   0000H.1   UNIT         ?BI?_READ_ONE_BYTE?TWI
            BIT     0020H.5   0000H.1   UNIT         _BIT_GROUP_
                    0020H.6   0000H.2                *** GAP ***
            DATA    0021H     000EH     UNIT         ?DT?FW
            DATA    002FH     000AH     UNIT         ?DT?BULKLOOP
            IDATA   0039H     0001H     UNIT         ?STACK

            * * * * * * *  X D A T A   M E M O R Y  * * * * * * *
                    0000H     E400H                  *** GAP ***
            XDATA   E400H     0001H     ABSOLUTE     
                    E401H     007FH                  *** GAP ***
            XDATA   E480H     0001H     ABSOLUTE     
                    E481H     008CH                  *** GAP ***
            XDATA   E50DH     0001H     ABSOLUTE     
                    E50EH     00F2H                  *** GAP ***
            XDATA   E600H     0001H     ABSOLUTE     
            XDATA   E601H     0001H     ABSOLUTE     
            XDATA   E602H     0001H     ABSOLUTE     
            XDATA   E603H     0001H     ABSOLUTE     
BL51 BANKED LINKER/LOCATER V6.22                                                      12/21/2022  23:08:09  PAGE 2


            XDATA   E604H     0001H     ABSOLUTE     
            XDATA   E605H     0001H     ABSOLUTE     
            XDATA   E606H     0001H     ABSOLUTE     
            XDATA   E607H     0001H     ABSOLUTE     
            XDATA   E608H     0001H     ABSOLUTE     
            XDATA   E609H     0001H     ABSOLUTE     
            XDATA   E60AH     0001H     ABSOLUTE     
            XDATA   E60BH     0001H     ABSOLUTE     
            XDATA   E60CH     0001H     ABSOLUTE     
                    E60DH     0003H                  *** GAP ***
            XDATA   E610H     0001H     ABSOLUTE     
            XDATA   E611H     0001H     ABSOLUTE     
            XDATA   E612H     0001H     ABSOLUTE     
            XDATA   E613H     0001H     ABSOLUTE     
            XDATA   E614H     0001H     ABSOLUTE     
            XDATA   E615H     0001H     ABSOLUTE     
                    E616H     0002H                  *** GAP ***
            XDATA   E618H     0001H     ABSOLUTE     
            XDATA   E619H     0001H     ABSOLUTE     
            XDATA   E61AH     0001H     ABSOLUTE     
            XDATA   E61BH     0001H     ABSOLUTE     
                    E61CH     0004H                  *** GAP ***
            XDATA   E620H     0001H     ABSOLUTE     
            XDATA   E621H     0001H     ABSOLUTE     
            XDATA   E622H     0001H     ABSOLUTE     
            XDATA   E623H     0001H     ABSOLUTE     
            XDATA   E624H     0001H     ABSOLUTE     
            XDATA   E625H     0001H     ABSOLUTE     
            XDATA   E626H     0001H     ABSOLUTE     
            XDATA   E627H     0001H     ABSOLUTE     
            XDATA   E628H     0001H     ABSOLUTE     
            XDATA   E629H     0001H     ABSOLUTE     
            XDATA   E62AH     0001H     ABSOLUTE     
            XDATA   E62BH     0001H     ABSOLUTE     
            XDATA   E62CH     0001H     ABSOLUTE     
            XDATA   E62DH     0001H     ABSOLUTE     
            XDATA   E62EH     0001H     ABSOLUTE     
            XDATA   E62FH     0001H     ABSOLUTE     
            XDATA   E630H     0001H     ABSOLUTE     
            XDATA   E631H     0001H     ABSOLUTE     
            XDATA   E632H     0001H     ABSOLUTE     
            XDATA   E633H     0001H     ABSOLUTE     
            XDATA   E634H     0001H     ABSOLUTE     
            XDATA   E635H     0001H     ABSOLUTE     
            XDATA   E636H     0001H     ABSOLUTE     
            XDATA   E637H     0001H     ABSOLUTE     
                    E638H     0008H                  *** GAP ***
            XDATA   E640H     0001H     ABSOLUTE     
            XDATA   E641H     0001H     ABSOLUTE     
            XDATA   E642H     0001H     ABSOLUTE     
            XDATA   E643H     0001H     ABSOLUTE     
                    E644H     0004H                  *** GAP ***
            XDATA   E648H     0001H     ABSOLUTE     
            XDATA   E649H     0001H     ABSOLUTE     
                    E64AH     0006H                  *** GAP ***
            XDATA   E650H     0001H     ABSOLUTE     
            XDATA   E651H     0001H     ABSOLUTE     
BL51 BANKED LINKER/LOCATER V6.22                                                      12/21/2022  23:08:09  PAGE 3


            XDATA   E652H     0001H     ABSOLUTE     
            XDATA   E653H     0001H     ABSOLUTE     
            XDATA   E654H     0001H     ABSOLUTE     
            XDATA   E655H     0001H     ABSOLUTE     
            XDATA   E656H     0001H     ABSOLUTE     
            XDATA   E657H     0001H     ABSOLUTE     
            XDATA   E658H     0001H     ABSOLUTE     
            XDATA   E659H     0001H     ABSOLUTE     
            XDATA   E65AH     0001H     ABSOLUTE     
            XDATA   E65BH     0001H     ABSOLUTE     
            XDATA   E65CH     0001H     ABSOLUTE     
            XDATA   E65DH     0001H     ABSOLUTE     
            XDATA   E65EH     0001H     ABSOLUTE     
            XDATA   E65FH     0001H     ABSOLUTE     
            XDATA   E660H     0001H     ABSOLUTE     
            XDATA   E661H     0001H     ABSOLUTE     
            XDATA   E662H     0001H     ABSOLUTE     
            XDATA   E663H     0001H     ABSOLUTE     
            XDATA   E664H     0001H     ABSOLUTE     
            XDATA   E665H     0001H     ABSOLUTE     
            XDATA   E666H     0001H     ABSOLUTE     
            XDATA   E667H     0001H     ABSOLUTE     
            XDATA   E668H     0001H     ABSOLUTE     
                    E669H     0007H                  *** GAP ***
            XDATA   E670H     0001H     ABSOLUTE     
            XDATA   E671H     0001H     ABSOLUTE     
            XDATA   E672H     0001H     ABSOLUTE     
                    E673H     0005H                  *** GAP ***
            XDATA   E678H     0001H     ABSOLUTE     
            XDATA   E679H     0001H     ABSOLUTE     
            XDATA   E67AH     0001H     ABSOLUTE     
            XDATA   E67BH     0001H     ABSOLUTE     
            XDATA   E67CH     0001H     ABSOLUTE     
            XDATA   E67DH     0001H     ABSOLUTE     
            XDATA   E67EH     0001H     ABSOLUTE     
            XDATA   E67FH     0001H     ABSOLUTE     
            XDATA   E680H     0001H     ABSOLUTE     
            XDATA   E681H     0001H     ABSOLUTE     
            XDATA   E682H     0001H     ABSOLUTE     
            XDATA   E683H     0001H     ABSOLUTE     
            XDATA   E684H     0001H     ABSOLUTE     
            XDATA   E685H     0001H     ABSOLUTE     
            XDATA   E686H     0001H     ABSOLUTE     
            XDATA   E687H     0001H     ABSOLUTE     
                    E688H     0002H                  *** GAP ***
            XDATA   E68AH     0001H     ABSOLUTE     
            XDATA   E68BH     0001H     ABSOLUTE     
                    E68CH     0001H                  *** GAP ***
            XDATA   E68DH     0001H     ABSOLUTE     
                    E68EH     0001H                  *** GAP ***
            XDATA   E68FH     0001H     ABSOLUTE     
            XDATA   E690H     0001H     ABSOLUTE     
            XDATA   E691H     0001H     ABSOLUTE     
                    E692H     0002H                  *** GAP ***
            XDATA   E694H     0001H     ABSOLUTE     
            XDATA   E695H     0001H     ABSOLUTE     
                    E696H     0002H                  *** GAP ***
BL51 BANKED LINKER/LOCATER V6.22                                                      12/21/2022  23:08:09  PAGE 4


            XDATA   E698H     0001H     ABSOLUTE     
            XDATA   E699H     0001H     ABSOLUTE     
                    E69AH     0002H                  *** GAP ***
            XDATA   E69CH     0001H     ABSOLUTE     
            XDATA   E69DH     0001H     ABSOLUTE     
                    E69EH     0002H                  *** GAP ***
            XDATA   E6A0H     0001H     ABSOLUTE     
            XDATA   E6A1H     0001H     ABSOLUTE     
            XDATA   E6A2H     0001H     ABSOLUTE     
            XDATA   E6A3H     0001H     ABSOLUTE     
            XDATA   E6A4H     0001H     ABSOLUTE     
            XDATA   E6A5H     0001H     ABSOLUTE     
            XDATA   E6A6H     0001H     ABSOLUTE     
            XDATA   E6A7H     0001H     ABSOLUTE     
            XDATA   E6A8H     0001H     ABSOLUTE     
            XDATA   E6A9H     0001H     ABSOLUTE     
            XDATA   E6AAH     0001H     ABSOLUTE     
            XDATA   E6ABH     0001H     ABSOLUTE     
            XDATA   E6ACH     0001H     ABSOLUTE     
            XDATA   E6ADH     0001H     ABSOLUTE     
            XDATA   E6AEH     0001H     ABSOLUTE     
            XDATA   E6AFH     0001H     ABSOLUTE     
            XDATA   E6B0H     0001H     ABSOLUTE     
            XDATA   E6B1H     0001H     ABSOLUTE     
            XDATA   E6B2H     0001H     ABSOLUTE     
            XDATA   E6B3H     0001H     ABSOLUTE     
            XDATA   E6B4H     0001H     ABSOLUTE     
            XDATA   E6B5H     0001H     ABSOLUTE     
                    E6B6H     0002H                  *** GAP ***
            XDATA   E6B8H     0008H     ABSOLUTE     
            XDATA   E6C0H     0001H     ABSOLUTE     
            XDATA   E6C1H     0001H     ABSOLUTE     
            XDATA   E6C2H     0001H     ABSOLUTE     
            XDATA   E6C3H     0001H     ABSOLUTE     
            XDATA   E6C4H     0001H     ABSOLUTE     
            XDATA   E6C5H     0001H     ABSOLUTE     
            XDATA   E6C6H     0001H     ABSOLUTE     
            XDATA   E6C7H     0001H     ABSOLUTE     
            XDATA   E6C8H     0001H     ABSOLUTE     
            XDATA   E6C9H     0001H     ABSOLUTE     
            XDATA   E6CAH     0001H     ABSOLUTE     
            XDATA   E6CBH     0001H     ABSOLUTE     
            XDATA   E6CCH     0001H     ABSOLUTE     
            XDATA   E6CDH     0001H     ABSOLUTE     
            XDATA   E6CEH     0001H     ABSOLUTE     
            XDATA   E6CFH     0001H     ABSOLUTE     
            XDATA   E6D0H     0001H     ABSOLUTE     
            XDATA   E6D1H     0001H     ABSOLUTE     
            XDATA   E6D2H     0001H     ABSOLUTE     
            XDATA   E6D3H     0001H     ABSOLUTE     
            XDATA   E6D4H     0001H     ABSOLUTE     
                    E6D5H     0005H                  *** GAP ***
            XDATA   E6DAH     0001H     ABSOLUTE     
            XDATA   E6DBH     0001H     ABSOLUTE     
            XDATA   E6DCH     0001H     ABSOLUTE     
                    E6DDH     0005H                  *** GAP ***
            XDATA   E6E2H     0001H     ABSOLUTE     
BL51 BANKED LINKER/LOCATER V6.22                                                      12/21/2022  23:08:09  PAGE 5


            XDATA   E6E3H     0001H     ABSOLUTE     
            XDATA   E6E4H     0001H     ABSOLUTE     
                    E6E5H     0005H                  *** GAP ***
            XDATA   E6EAH     0001H     ABSOLUTE     
            XDATA   E6EBH     0001H     ABSOLUTE     
            XDATA   E6ECH     0001H     ABSOLUTE     
                    E6EDH     0003H                  *** GAP ***
            XDATA   E6F0H     0001H     ABSOLUTE     
            XDATA   E6F1H     0001H     ABSOLUTE     
            XDATA   E6F2H     0001H     ABSOLUTE     
            XDATA   E6F3H     0001H     ABSOLUTE     
            XDATA   E6F4H     0001H     ABSOLUTE     
            XDATA   E6F5H     0001H     ABSOLUTE     
                    E6F6H     0002H                  *** GAP ***
            XDATA   E6F8H     0001H     ABSOLUTE     
            XDATA   E6F9H     0001H     ABSOLUTE     
            XDATA   E6FAH     0001H     ABSOLUTE     
            XDATA   E6FBH     0001H     ABSOLUTE     
            XDATA   E6FCH     0001H     ABSOLUTE     
            XDATA   E6FDH     0001H     ABSOLUTE     
            XDATA   E6FEH     0001H     ABSOLUTE     
                    E6FFH     0041H                  *** GAP ***
            XDATA   E740H     0040H     ABSOLUTE     
            XDATA   E780H     0040H     ABSOLUTE     
            XDATA   E7C0H     0040H     ABSOLUTE     
                    E800H     0800H                  *** GAP ***
            XDATA   F000H     0400H     ABSOLUTE     
            XDATA   F400H     0400H     ABSOLUTE     
            XDATA   F800H     0400H     ABSOLUTE     
            XDATA   FC00H     0400H     ABSOLUTE     

            * * * * * * *   C O D E   M E M O R Y   * * * * * * *
            CODE    0000H     0003H     ABSOLUTE     
                    0003H     0030H                  *** GAP ***
            CODE    0033H     0003H     ABSOLUTE     
                    0036H     000DH                  *** GAP ***
            CODE    0043H     0003H     ABSOLUTE     
                    0046H     000DH                  *** GAP ***
            CODE    0053H     0003H     ABSOLUTE     
                    0056H     002AH                  *** GAP ***
            CODE    0080H     0238H     UNIT         ?PR?SETUPCOMMAND?FW
            CODE    02B8H     0167H     UNIT         ?PR?MAIN?FW
            CODE    041FH     00A0H     UNIT         ?PR?TD_INIT?BULKLOOP
            CODE    04BFH     003DH     UNIT         ?PR?ISR_HIGHSPEED?BULKLOOP
            CODE    04FCH     0004H     UNIT         ?PR?RESUME_ISR?FW
            CODE    0500H     00B8H     PAGE         ?PR?USB_JUMP_TABLE?USBJT
            CODE    05B8H     0046H     UNIT         ?PR?_EZUSB_DELAY?DELAY
            CODE    05FEH     0002H     UNIT         ?PR?TD_SUSPEND?BULKLOOP
            CODE    0600H     009CH     PAGE         DSCR
            CODE    069CH     008CH     UNIT         ?C_C51STARTUP
            CODE    0728H     005DH     UNIT         ?PR?_?READI2CBYTE?TWI
            CODE    0785H     0042H     UNIT         ?PR?_?WRITEI2CBYTE?TWI
            CODE    07C7H     0036H     UNIT         ?PR?ISR_URES?BULKLOOP
            CODE    07FDH     0030H     UNIT         ?PR?INIT_TVP5150?BULKLOOP
            CODE    082DH     002FH     UNIT         ?PR?EZUSB_DISCON?DISCON
            CODE    085CH     002DH     UNIT         ?PR?_READ_ONE_BYTE?TWI
            CODE    0889H     002CH     UNIT         ?PR?EZUSB_RESUME?RESUME
BL51 BANKED LINKER/LOCATER V6.22                                                      12/21/2022  23:08:09  PAGE 6


            CODE    08B5H     002BH     UNIT         ?PR?_EZUSB_GETSTRINGDSCR?GET_STRD
            CODE    08E0H     0028H     UNIT         ?PR?DR_VENDORCMND?BULKLOOP
            CODE    0908H     0028H     UNIT         ?PR?_DELAY?TWI
            CODE    0930H     0025H     UNIT         ?PR?PROBESLAVEADDR?TWI
            CODE    0955H     0025H     UNIT         ?PR?_WRITE_ONE_BYTE?TWI
            CODE    097AH     0025H     UNIT         EZUSB
            CODE    099FH     0018H     UNIT         ?PR?ISR_SUDAV?BULKLOOP
            CODE    09B7H     0018H     UNIT         ?PR?ISR_SUSP?BULKLOOP
            CODE    09CFH     0016H     UNIT         ?PR?ISR_SUTOK?BULKLOOP
            CODE    09E5H     0016H     UNIT         ?PR?ISR_SOF?BULKLOOP
            CODE    09FBH     0015H     UNIT         ?PR?I2C_START?TWI
            CODE    0A10H     0015H     UNIT         ?PR?I2C_STOP?TWI
            CODE    0A25H     0012H     UNIT         ?PR?DR_GETCONFIGURATION?BULKLOOP
            CODE    0A37H     0012H     UNIT         ?PR?DR_GETINTERFACE?BULKLOOP
            CODE    0A49H     0012H     UNIT         ?PR?CHECK_ACKNOWLEDGE?TWI
            CODE    0A5BH     0011H     UNIT         ?C?LIB_CODE
            CODE    0A6CH     0010H     UNIT         ?PR?SEND_0?TWI
            CODE    0A7CH     0010H     UNIT         ?PR?SEND_1?TWI
            CODE    0A8CH     000BH     UNIT         ?PR?HIGHSPEEDCAPABLE?FW
            CODE    0A97H     000BH     UNIT         ?C_INITSEG
            CODE    0AA2H     000AH     UNIT         ?CO?FW
            CODE    0AACH     000AH     UNIT         ?PR?CHECK_NACKNOWLEDGE?TWI
            CODE    0AB6H     0008H     UNIT         ?PR?DR_SETCONFIGURATION?BULKLOOP
            CODE    0ABEH     0008H     UNIT         ?PR?DR_SETINTERFACE?BULKLOOP
            CODE    0AC6H     0002H     UNIT         ?PR?TD_RESUME?BULKLOOP
            CODE    0AC8H     0002H     UNIT         ?PR?DR_GETDESCRIPTOR?BULKLOOP
            CODE    0ACAH     0002H     UNIT         ?PR?DR_GETSTATUS?BULKLOOP
            CODE    0ACCH     0002H     UNIT         ?PR?DR_CLEARFEATURE?BULKLOOP
            CODE    0ACEH     0002H     UNIT         ?PR?DR_SETFEATURE?BULKLOOP
            CODE    0AD0H     0001H     UNIT         ?PR?TD_POLL?BULKLOOP
            CODE    0AD1H     0001H     UNIT         ?PR?ISR_EP0ACK?BULKLOOP
            CODE    0AD2H     0001H     UNIT         ?PR?ISR_STUB?BULKLOOP
            CODE    0AD3H     0001H     UNIT         ?PR?ISR_EP0IN?BULKLOOP
            CODE    0AD4H     0001H     UNIT         ?PR?ISR_EP0OUT?BULKLOOP
            CODE    0AD5H     0001H     UNIT         ?PR?ISR_EP1IN?BULKLOOP
            CODE    0AD6H     0001H     UNIT         ?PR?ISR_EP1OUT?BULKLOOP
            CODE    0AD7H     0001H     UNIT         ?PR?ISR_EP2INOUT?BULKLOOP
            CODE    0AD8H     0001H     UNIT         ?PR?ISR_EP4INOUT?BULKLOOP
            CODE    0AD9H     0001H     UNIT         ?PR?ISR_EP6INOUT?BULKLOOP
            CODE    0ADAH     0001H     UNIT         ?PR?ISR_EP8INOUT?BULKLOOP
            CODE    0ADBH     0001H     UNIT         ?PR?ISR_IBN?BULKLOOP
            CODE    0ADCH     0001H     UNIT         ?PR?ISR_EP0PINGNAK?BULKLOOP
            CODE    0ADDH     0001H     UNIT         ?PR?ISR_EP1PINGNAK?BULKLOOP
            CODE    0ADEH     0001H     UNIT         ?PR?ISR_EP2PINGNAK?BULKLOOP
            CODE    0ADFH     0001H     UNIT         ?PR?ISR_EP4PINGNAK?BULKLOOP
            CODE    0AE0H     0001H     UNIT         ?PR?ISR_EP6PINGNAK?BULKLOOP
            CODE    0AE1H     0001H     UNIT         ?PR?ISR_EP8PINGNAK?BULKLOOP
            CODE    0AE2H     0001H     UNIT         ?PR?ISR_ERRORLIMIT?BULKLOOP
            CODE    0AE3H     0001H     UNIT         ?PR?ISR_EP2PIDERROR?BULKLOOP
            CODE    0AE4H     0001H     UNIT         ?PR?ISR_EP4PIDERROR?BULKLOOP
            CODE    0AE5H     0001H     UNIT         ?PR?ISR_EP6PIDERROR?BULKLOOP
            CODE    0AE6H     0001H     UNIT         ?PR?ISR_EP8PIDERROR?BULKLOOP
            CODE    0AE7H     0001H     UNIT         ?PR?ISR_EP2PFLAG?BULKLOOP
            CODE    0AE8H     0001H     UNIT         ?PR?ISR_EP4PFLAG?BULKLOOP
            CODE    0AE9H     0001H     UNIT         ?PR?ISR_EP6PFLAG?BULKLOOP
            CODE    0AEAH     0001H     UNIT         ?PR?ISR_EP8PFLAG?BULKLOOP
            CODE    0AEBH     0001H     UNIT         ?PR?ISR_EP2EFLAG?BULKLOOP
BL51 BANKED LINKER/LOCATER V6.22                                                      12/21/2022  23:08:09  PAGE 7


            CODE    0AECH     0001H     UNIT         ?PR?ISR_EP4EFLAG?BULKLOOP
            CODE    0AEDH     0001H     UNIT         ?PR?ISR_EP6EFLAG?BULKLOOP
            CODE    0AEEH     0001H     UNIT         ?PR?ISR_EP8EFLAG?BULKLOOP
            CODE    0AEFH     0001H     UNIT         ?PR?ISR_EP2FFLAG?BULKLOOP
            CODE    0AF0H     0001H     UNIT         ?PR?ISR_EP4FFLAG?BULKLOOP
            CODE    0AF1H     0001H     UNIT         ?PR?ISR_EP6FFLAG?BULKLOOP
            CODE    0AF2H     0001H     UNIT         ?PR?ISR_EP8FFLAG?BULKLOOP
            CODE    0AF3H     0001H     UNIT         ?PR?ISR_GPIFCOMPLETE?BULKLOOP
            CODE    0AF4H     0001H     UNIT         ?PR?ISR_GPIFWAVEFORM?BULKLOOP



OVERLAY MAP OF MODULE:   bulkloop (FW)


SEGMENT                                      BIT_GROUP          DATA_GROUP 
  +--> CALLED SEGMENT                     START    LENGTH     START    LENGTH
-----------------------------------------------------------------------------
?C_C51STARTUP                             -----    -----      -----    -----
  +--> ?PR?MAIN?FW
  +--> ?C_INITSEG

?PR?MAIN?FW                               -----    -----      0008H    0010H
  +--> ?PR?TD_INIT?BULKLOOP
  +--> ?PR?EZUSB_DISCON?DISCON
  +--> ?PR?TD_POLL?BULKLOOP
  +--> ?PR?SETUPCOMMAND?FW
  +--> ?PR?TD_SUSPEND?BULKLOOP
  +--> ?PR?EZUSB_RESUME?RESUME
  +--> ?PR?TD_RESUME?BULKLOOP

?PR?TD_INIT?BULKLOOP                      -----    -----      -----    -----
  +--> ?PR?PROBESLAVEADDR?TWI
  +--> ?PR?INIT_TVP5150?BULKLOOP

?PR?PROBESLAVEADDR?TWI                    0020H.5  0000H.1    0018H    0001H
  +--> ?PR?I2C_START?TWI
  +--> ?PR?_?WRITEI2CBYTE?TWI
  +--> ?PR?CHECK_ACKNOWLEDGE?TWI
  +--> ?PR?I2C_STOP?TWI

?PR?I2C_START?TWI                         -----    -----      -----    -----
  +--> ?PR?_DELAY?TWI

?PR?_?WRITEI2CBYTE?TWI                    -----    -----      -----    -----
  +--> ?PR?SEND_1?TWI
  +--> ?PR?SEND_0?TWI

?PR?SEND_1?TWI                            -----    -----      -----    -----
  +--> ?PR?_DELAY?TWI

?PR?SEND_0?TWI                            -----    -----      -----    -----
  +--> ?PR?_DELAY?TWI

?PR?CHECK_ACKNOWLEDGE?TWI                 -----    -----      -----    -----
  +--> ?PR?I2C_START?TWI
  +--> ?PR?_?WRITEI2CBYTE?TWI
BL51 BANKED LINKER/LOCATER V6.22                                                      12/21/2022  23:08:09  PAGE 8


  +--> ?PR?_DELAY?TWI

?PR?I2C_STOP?TWI                          -----    -----      -----    -----
  +--> ?PR?_DELAY?TWI

?PR?INIT_TVP5150?BULKLOOP                 -----    -----      0018H    0002H
  +--> ?PR?_WRITE_ONE_BYTE?TWI

?PR?_WRITE_ONE_BYTE?TWI                   0020H.5  0000H.1    -----    -----
  +--> ?PR?I2C_START?TWI
  +--> ?PR?_?WRITEI2CBYTE?TWI
  +--> ?PR?CHECK_ACKNOWLEDGE?TWI
  +--> ?PR?I2C_STOP?TWI

?PR?EZUSB_DISCON?DISCON                   0020H.5  0000H.1    -----    -----
  +--> ?PR?_EZUSB_DELAY?DELAY

?PR?_EZUSB_DELAY?DELAY                    -----    -----      0018H    0002H

?PR?TD_POLL?BULKLOOP                      -----    -----      0018H    0002H

?PR?SETUPCOMMAND?FW                       -----    -----      -----    -----
  +--> ?PR?DR_GETDESCRIPTOR?BULKLOOP
  +--> ?PR?HIGHSPEEDCAPABLE?FW
  +--> ?PR?_EZUSB_GETSTRINGDSCR?GET_STRD
  +--> ?PR?DR_GETINTERFACE?BULKLOOP
  +--> ?PR?DR_SETINTERFACE?BULKLOOP
  +--> ?PR?DR_SETCONFIGURATION?BULKLOOP
  +--> ?PR?DR_GETCONFIGURATION?BULKLOOP
  +--> ?PR?DR_GETSTATUS?BULKLOOP
  +--> ?CO?FW
  +--> ?PR?DR_CLEARFEATURE?BULKLOOP
  +--> ?PR?DR_SETFEATURE?BULKLOOP
  +--> ?PR?DR_VENDORCMND?BULKLOOP

?PR?EZUSB_RESUME?RESUME                   -----    -----      -----    -----
  +--> ?PR?_EZUSB_DELAY?DELAY



SYMBOL TABLE OF MODULE:  bulkloop (FW)

  VALUE           TYPE          NAME
  ----------------------------------

  -------         MODULE        FW
  C:0000H         SYMBOL        _ICE_DUMMY_
  B:00A8H.7       PUBLIC        EA
  B:0020H.0       PUBLIC        Rwuen
  B:0020H.1       PUBLIC        GotSUD
  C:0AA2H         PUBLIC        EPCS_Offset_Lookup_Table
  C:0A8CH         PUBLIC        HighSpeedCapable
  C:02B8H         PUBLIC        main
  B:00E8H.0       PUBLIC        EUSB
  C:04FCH         PUBLIC        resume_isr
  D:0021H         PUBLIC        pHighSpeedConfigDscr
  D:0023H         PUBLIC        pDeviceDscr
BL51 BANKED LINKER/LOCATER V6.22                                                      12/21/2022  23:08:09  PAGE 9


  C:0080H         PUBLIC        SetupCommand
  D:0025H         PUBLIC        pConfigDscr
  D:0027H         PUBLIC        pOtherConfigDscr
  D:0029H         PUBLIC        pFullSpeedConfigDscr
  B:0020H.2       PUBLIC        Selfpwr
  D:002BH         PUBLIC        pDeviceQualDscr
  D:00D8H         PUBLIC        EICON
  D:008EH         PUBLIC        CKCON
  D:002DH         PUBLIC        pStringDscr
  B:0020H.3       PUBLIC        Sleep
  -------         PROC          MAIN
  -------         DO            
  D:0008H         SYMBOL        i
  D:0006H         SYMBOL        offset
  D:000CH         SYMBOL        DevDescrLen
  D:0010H         SYMBOL        j
  D:0014H         SYMBOL        IntDescrAddr
  D:0016H         SYMBOL        ExtDescrAddr
  -------         ENDDO         
  C:02B8H         LINE#         88
  C:02B8H         LINE#         89
  C:02B8H         LINE#         93
  C:02C1H         LINE#         98
  C:02C3H         LINE#         99
  C:02C5H         LINE#         100
  C:02C7H         LINE#         101
  C:02C9H         LINE#         104
  C:02CCH         LINE#         113
  C:02D4H         LINE#         114
  C:02DAH         LINE#         115
  C:02E0H         LINE#         116
  C:02E6H         LINE#         117
  C:02ECH         LINE#         124
  C:02F4H         LINE#         125
  C:02F4H         LINE#         127
  C:02FAH         LINE#         128
  C:02FEH         LINE#         129
  C:0316H         LINE#         130
  C:0334H         LINE#         131
  C:0367H         LINE#         134
  C:036DH         LINE#         135
  C:0377H         LINE#         136
  C:0382H         LINE#         137
  C:038DH         LINE#         138
  C:0398H         LINE#         139
  C:03A3H         LINE#         140
  C:03AEH         LINE#         141
  C:03B9H         LINE#         142
  C:03B9H         LINE#         144
  C:03BBH         LINE#         145
  C:03BEH         LINE#         147
  C:03C5H         LINE#         149
  C:03CCH         LINE#         150
  C:03CEH         LINE#         156
  C:03D5H         LINE#         157
  C:03D5H         LINE#         158
  C:03DAH         LINE#         159
BL51 BANKED LINKER/LOCATER V6.22                                                      12/21/2022  23:08:09  PAGE 10


  C:03DAH         LINE#         165
  C:03E1H         LINE#         167
  C:03E4H         LINE#         170
  C:03E6H         LINE#         173
  C:03E6H         LINE#         174
  C:03E6H         LINE#         176
  C:03E9H         LINE#         179
  C:03ECH         LINE#         180
  C:03ECH         LINE#         181
  C:03EFH         LINE#         182
  C:03F1H         LINE#         183
  C:03F1H         LINE#         190
  C:03F4H         LINE#         191
  C:03F4H         LINE#         192
  C:03F9H         LINE#         193
  C:03F9H         LINE#         194
  C:03FBH         LINE#         196
  C:03FBH         LINE#         197
  C:03FEH         LINE#         198
  C:03FEH         LINE#         199
  C:0417H         LINE#         204
  C:041AH         LINE#         205
  C:041DH         LINE#         206
  C:041DH         LINE#         207
  C:041DH         LINE#         209
  -------         ENDPROC       MAIN
  -------         PROC          HIGHSPEEDCAPABLE
  C:0A8CH         LINE#         212
  C:0A8CH         LINE#         213
  C:0A8CH         LINE#         218
  C:0A93H         LINE#         219
  C:0A95H         LINE#         221
  C:0A96H         LINE#         222
  -------         ENDPROC       HIGHSPEEDCAPABLE
  -------         PROC          SETUPCOMMAND
  -------         DO            
  D:0001H         SYMBOL        dscr_ptr
  -------         ENDDO         
  C:0080H         LINE#         225
  C:0080H         LINE#         226
  C:0080H         LINE#         229
  C:00B6H         LINE#         230
  C:00B6H         LINE#         231
  C:00B6H         LINE#         232
  C:00BEH         LINE#         233
  C:00D4H         LINE#         234
  C:00D4H         LINE#         235
  C:00D4H         LINE#         236
  C:00DAH         LINE#         237
  C:00DCH         LINE#         238
  C:00DEH         LINE#         239
  C:00DEH         LINE#         242
  C:00E3H         LINE#         243
  C:00E3H         LINE#         244
  C:00E9H         LINE#         245
  C:00EBH         LINE#         246
  C:00EDH         LINE#         252
BL51 BANKED LINKER/LOCATER V6.22                                                      12/21/2022  23:08:09  PAGE 11


  C:00EDH         LINE#         253
  C:00F3H         LINE#         254
  C:00F5H         LINE#         255
  C:00F7H         LINE#         256
  C:00F7H         LINE#         257
  C:00FDH         LINE#         258
  C:00FFH         LINE#         259
  C:0101H         LINE#         260
  C:0101H         LINE#         261
  C:0114H         LINE#         262
  C:0114H         LINE#         263
  C:0119H         LINE#         264
  C:011EH         LINE#         265
  C:0121H         LINE#         267
  C:0121H         LINE#         268
  C:0124H         LINE#         269
  C:0124H         LINE#         270
  C:0124H         LINE#         271
  C:0124H         LINE#         272
  C:0127H         LINE#         273
  C:0127H         LINE#         274
  C:012AH         LINE#         275
  C:012DH         LINE#         276
  C:012DH         LINE#         277
  C:0130H         LINE#         278
  C:0133H         LINE#         279
  C:0133H         LINE#         280
  C:0136H         LINE#         281
  C:0139H         LINE#         282
  C:0139H         LINE#         283
  C:013CH         LINE#         284
  C:013FH         LINE#         285
  C:013FH         LINE#         286
  C:0147H         LINE#         287
  C:0156H         LINE#         288
  C:0156H         LINE#         289
  C:0156H         LINE#         290
  C:0162H         LINE#         291
  C:0162H         LINE#         292
  C:0162H         LINE#         293
  C:0162H         LINE#         294
  C:0164H         LINE#         295
  C:0164H         LINE#         296
  C:0169H         LINE#         297
  C:0169H         LINE#         298
  C:0169H         LINE#         299
  C:0169H         LINE#         300
  C:016BH         LINE#         301
  C:016BH         LINE#         302
  C:01A9H         LINE#         303
  C:01ACH         LINE#         304
  C:01B0H         LINE#         305
  C:01B6H         LINE#         306
  C:01B9H         LINE#         307
  C:01B9H         LINE#         308
  C:01B9H         LINE#         309
  C:01B9H         LINE#         310
BL51 BANKED LINKER/LOCATER V6.22                                                      12/21/2022  23:08:09  PAGE 12


  C:01BCH         LINE#         311
  C:01BCH         LINE#         312
  C:01C4H         LINE#         313
  C:01D3H         LINE#         314
  C:01D3H         LINE#         315
  C:01D3H         LINE#         316
  C:01DAH         LINE#         317
  C:01DFH         LINE#         319
  C:01DFH         LINE#         320
  C:01E2H         LINE#         321
  C:01E2H         LINE#         322
  C:01E8H         LINE#         323
  C:01E8H         LINE#         324
  C:0223H         LINE#         325
  C:023BH         LINE#         326
  C:023DH         LINE#         328
  C:023DH         LINE#         329
  C:023FH         LINE#         330
  C:023FH         LINE#         331
  C:023FH         LINE#         332
  C:023FH         LINE#         333
  C:0244H         LINE#         334
  C:0250H         LINE#         335
  C:0250H         LINE#         336
  C:0250H         LINE#         337
  C:0257H         LINE#         338
  C:025BH         LINE#         339
  C:0262H         LINE#         345
  C:0264H         LINE#         347
  C:0264H         LINE#         348
  C:0266H         LINE#         349
  C:0266H         LINE#         350
  C:029DH         LINE#         351
  C:029FH         LINE#         352
  C:029FH         LINE#         353
  C:02A2H         LINE#         354
  C:02A2H         LINE#         355
  C:02A4H         LINE#         356
  C:02A4H         LINE#         357
  C:02A9H         LINE#         358
  C:02B0H         LINE#         359
  C:02B0H         LINE#         362
  C:02B7H         LINE#         363
  -------         ENDPROC       SETUPCOMMAND
  -------         PROC          RESUME_ISR
  C:04FCH         LINE#         366
  C:04FCH         LINE#         368
  C:04FFH         LINE#         369
  -------         ENDPROC       RESUME_ISR
  -------         ENDMOD        FW

  -------         MODULE        BULKLOOP
  C:0000H         SYMBOL        _ICE_DUMMY_
  C:0AE2H         PUBLIC        ISR_Errorlimit
  D:002FH         PUBLIC        cmd5150
  C:0AB6H         PUBLIC        DR_SetConfiguration
  D:0037H         PUBLIC        AlternateSetting
BL51 BANKED LINKER/LOCATER V6.22                                                      12/21/2022  23:08:09  PAGE 13


  C:0AD3H         PUBLIC        ISR_Ep0in
  C:0AD5H         PUBLIC        ISR_Ep1in
  C:041FH         PUBLIC        TD_Init
  C:0AD4H         PUBLIC        ISR_Ep0out
  C:0AD6H         PUBLIC        ISR_Ep1out
  C:0AD0H         PUBLIC        TD_Poll
  C:0AF3H         PUBLIC        ISR_GpifComplete
  C:0ACAH         PUBLIC        DR_GetStatus
  C:0ADCH         PUBLIC        ISR_Ep0pingnak
  C:0ADDH         PUBLIC        ISR_Ep1pingnak
  C:0AF4H         PUBLIC        ISR_GpifWaveform
  C:0AE3H         PUBLIC        ISR_Ep2piderror
  C:0ADEH         PUBLIC        ISR_Ep2pingnak
  C:0AE4H         PUBLIC        ISR_Ep4piderror
  C:0ADFH         PUBLIC        ISR_Ep4pingnak
  C:0AE5H         PUBLIC        ISR_Ep6piderror
  C:0AE0H         PUBLIC        ISR_Ep6pingnak
  C:0AE6H         PUBLIC        ISR_Ep8piderror
  C:0AE1H         PUBLIC        ISR_Ep8pingnak
  D:0091H         PUBLIC        EXIF
  C:0A37H         PUBLIC        DR_GetInterface
  C:0ACCH         PUBLIC        DR_ClearFeature
  C:0AEBH         PUBLIC        ISR_Ep2eflag
  C:0AEFH         PUBLIC        ISR_Ep2fflag
  C:0AECH         PUBLIC        ISR_Ep4eflag
  C:0ABEH         PUBLIC        DR_SetInterface
  C:0AF0H         PUBLIC        ISR_Ep4fflag
  C:0AEDH         PUBLIC        ISR_Ep6eflag
  C:0AF1H         PUBLIC        ISR_Ep6fflag
  C:0AC8H         PUBLIC        DR_GetDescriptor
  C:07FDH         PUBLIC        init_tvp5150
  C:0AEEH         PUBLIC        ISR_Ep8eflag
  C:0AF2H         PUBLIC        ISR_Ep8fflag
  B:0080H.0       PUBLIC        PA0
  C:0AE7H         PUBLIC        ISR_Ep2pflag
  C:0AE8H         PUBLIC        ISR_Ep4pflag
  C:0AE9H         PUBLIC        ISR_Ep6pflag
  C:0AEAH         PUBLIC        ISR_Ep8pflag
  C:099FH         PUBLIC        ISR_Sudav
  D:00B2H         PUBLIC        OEA
  D:00B4H         PUBLIC        OEC
  D:00B6H         PUBLIC        OEE
  D:0080H         PUBLIC        IOA
  C:05FEH         PUBLIC        TD_Suspend
  D:0038H         PUBLIC        Configuration
  C:0AD1H         PUBLIC        ISR_Ep0ack
  C:04BFH         PUBLIC        ISR_Highspeed
  C:09CFH         PUBLIC        ISR_Sutok
  C:0ADBH         PUBLIC        ISR_Ibn
  C:0AD7H         PUBLIC        ISR_Ep2inout
  C:0AD8H         PUBLIC        ISR_Ep4inout
  C:08E0H         PUBLIC        DR_VendorCmnd
  C:0AC6H         PUBLIC        TD_Resume
  C:0AD9H         PUBLIC        ISR_Ep6inout
  C:0AD2H         PUBLIC        ISR_Stub
  C:0ADAH         PUBLIC        ISR_Ep8inout
  C:07C7H         PUBLIC        ISR_Ures
BL51 BANKED LINKER/LOCATER V6.22                                                      12/21/2022  23:08:09  PAGE 14


  C:0ACEH         PUBLIC        DR_SetFeature
  C:09E5H         PUBLIC        ISR_Sof
  C:0A25H         PUBLIC        DR_GetConfiguration
  C:09B7H         PUBLIC        ISR_Susp
  -------         PROC          INIT_TVP5150
  -------         DO            
  D:0018H         SYMBOL        a
  -------         ENDDO         
  C:07FDH         LINE#         167
  C:07FDH         LINE#         168
  C:07FDH         LINE#         170
  C:0802H         LINE#         171
  C:0802H         LINE#         172
  C:0819H         LINE#         173
  C:082CH         LINE#         174
  -------         ENDPROC       INIT_TVP5150
  -------         PROC          TD_INIT
  C:041FH         LINE#         181
  C:041FH         LINE#         182
  C:041FH         LINE#         184
  C:0428H         LINE#         206
  C:042EH         LINE#         208
  C:0431H         LINE#         209
  C:0437H         LINE#         210
  C:043AH         LINE#         211
  C:043FH         LINE#         212
  C:0442H         LINE#         213
  C:0448H         LINE#         214
  C:044BH         LINE#         215
  C:0450H         LINE#         217
  C:0453H         LINE#         218
  C:0459H         LINE#         219
  C:045CH         LINE#         220
  C:045FH         LINE#         221
  C:0462H         LINE#         222
  C:0465H         LINE#         223
  C:0468H         LINE#         224
  C:046AH         LINE#         226
  C:046DH         LINE#         227
  C:0473H         LINE#         228
  C:0476H         LINE#         229
  C:047CH         LINE#         230
  C:047FH         LINE#         231
  C:0484H         LINE#         232
  C:0487H         LINE#         233
  C:048CH         LINE#         234
  C:048FH         LINE#         236
  C:0492H         LINE#         242
  C:0497H         LINE#         243
  C:049AH         LINE#         245
  C:049DH         LINE#         246
  C:04A0H         LINE#         249
  C:04A6H         LINE#         250
  C:04A9H         LINE#         253
  C:04AEH         LINE#         254
  C:04B2H         LINE#         255
  C:04B4H         LINE#         256
BL51 BANKED LINKER/LOCATER V6.22                                                      12/21/2022  23:08:09  PAGE 15


  C:04B7H         LINE#         260
  C:04B9H         LINE#         261
  C:04BCH         LINE#         262
  -------         ENDPROC       TD_INIT
  -------         PROC          TD_POLL
  -------         DO            
  D:0018H         SYMBOL        i
  -------         ENDDO         
  C:0AD0H         LINE#         271
  C:0AD0H         LINE#         272
  C:0AD0H         LINE#         293
  -------         ENDPROC       TD_POLL
  -------         PROC          TD_SUSPEND
  C:05FEH         LINE#         295
  C:05FEH         LINE#         296
  C:05FEH         LINE#         297
  C:05FFH         LINE#         298
  -------         ENDPROC       TD_SUSPEND
  -------         PROC          TD_RESUME
  C:0AC6H         LINE#         300
  C:0AC6H         LINE#         301
  C:0AC6H         LINE#         302
  C:0AC7H         LINE#         303
  -------         ENDPROC       TD_RESUME
  -------         PROC          DR_GETDESCRIPTOR
  C:0AC8H         LINE#         310
  C:0AC8H         LINE#         311
  C:0AC8H         LINE#         312
  C:0AC9H         LINE#         313
  -------         ENDPROC       DR_GETDESCRIPTOR
  -------         PROC          DR_SETCONFIGURATION
  C:0AB6H         LINE#         315
  C:0AB6H         LINE#         316
  C:0AB6H         LINE#         317
  C:0ABCH         LINE#         318
  C:0ABDH         LINE#         319
  -------         ENDPROC       DR_SETCONFIGURATION
  -------         PROC          DR_GETCONFIGURATION
  C:0A25H         LINE#         321
  C:0A25H         LINE#         322
  C:0A25H         LINE#         323
  C:0A2BH         LINE#         324
  C:0A30H         LINE#         325
  C:0A35H         LINE#         326
  C:0A36H         LINE#         327
  -------         ENDPROC       DR_GETCONFIGURATION
  -------         PROC          DR_SETINTERFACE
  C:0ABEH         LINE#         329
  C:0ABEH         LINE#         330
  C:0ABEH         LINE#         331
  C:0AC4H         LINE#         332
  C:0AC5H         LINE#         333
  -------         ENDPROC       DR_SETINTERFACE
  -------         PROC          DR_GETINTERFACE
  C:0A37H         LINE#         335
  C:0A37H         LINE#         336
  C:0A37H         LINE#         337
BL51 BANKED LINKER/LOCATER V6.22                                                      12/21/2022  23:08:09  PAGE 16


  C:0A3DH         LINE#         338
  C:0A42H         LINE#         339
  C:0A47H         LINE#         340
  C:0A48H         LINE#         341
  -------         ENDPROC       DR_GETINTERFACE
  -------         PROC          DR_GETSTATUS
  C:0ACAH         LINE#         343
  C:0ACAH         LINE#         344
  C:0ACAH         LINE#         345
  C:0ACBH         LINE#         346
  -------         ENDPROC       DR_GETSTATUS
  -------         PROC          DR_CLEARFEATURE
  C:0ACCH         LINE#         348
  C:0ACCH         LINE#         349
  C:0ACCH         LINE#         350
  C:0ACDH         LINE#         351
  -------         ENDPROC       DR_CLEARFEATURE
  -------         PROC          DR_SETFEATURE
  C:0ACEH         LINE#         353
  C:0ACEH         LINE#         354
  C:0ACEH         LINE#         355
  C:0ACFH         LINE#         356
  -------         ENDPROC       DR_SETFEATURE
  -------         PROC          DR_VENDORCMND
  -------         DO            
  D:0007H         SYMBOL        tmp
  -------         ENDDO         
  C:08E0H         LINE#         358
  C:08E0H         LINE#         359
  C:08E0H         LINE#         362
  C:08EBH         LINE#         363
  C:08EBH         LINE#         364
  C:08EBH         LINE#         365
  C:08F0H         LINE#         366
  C:08F3H         LINE#         367
  C:08F3H         LINE#         368
  C:08F3H         LINE#         369
  C:08F5H         LINE#         370
  C:08F5H         LINE#         371
  C:08FAH         LINE#         372
  C:08FDH         LINE#         373
  C:0900H         LINE#         374
  C:0902H         LINE#         375
  C:0904H         LINE#         376
  C:0904H         LINE#         377
  C:0906H         LINE#         378
  C:0906H         LINE#         380
  C:0907H         LINE#         381
  -------         ENDPROC       DR_VENDORCMND
  -------         PROC          ISR_SUDAV
  C:099FH         LINE#         389
  C:09A5H         LINE#         391
  C:09A7H         LINE#         392
  C:09AAH         LINE#         393
  C:09B0H         LINE#         394
  -------         ENDPROC       ISR_SUDAV
  -------         PROC          ISR_SUTOK
BL51 BANKED LINKER/LOCATER V6.22                                                      12/21/2022  23:08:09  PAGE 17


  C:09CFH         LINE#         397
  C:09D5H         LINE#         399
  C:09D8H         LINE#         400
  C:09DEH         LINE#         401
  -------         ENDPROC       ISR_SUTOK
  -------         PROC          ISR_SOF
  C:09E5H         LINE#         403
  C:09EBH         LINE#         405
  C:09EEH         LINE#         406
  C:09F4H         LINE#         407
  -------         ENDPROC       ISR_SOF
  -------         PROC          ISR_URES
  C:07C7H         LINE#         409
  C:07CDH         LINE#         412
  C:07D3H         LINE#         413
  C:07DDH         LINE#         414
  C:07E3H         LINE#         415
  C:07EDH         LINE#         417
  C:07F0H         LINE#         418
  C:07F6H         LINE#         419
  -------         ENDPROC       ISR_URES
  -------         PROC          ISR_SUSP
  C:09B7H         LINE#         421
  C:09BDH         LINE#         423
  C:09BFH         LINE#         424
  C:09C2H         LINE#         425
  C:09C8H         LINE#         426
  -------         ENDPROC       ISR_SUSP
  -------         PROC          ISR_HIGHSPEED
  C:04BFH         LINE#         428
  C:04C5H         LINE#         430
  C:04CCH         LINE#         431
  C:04CCH         LINE#         432
  C:04D2H         LINE#         433
  C:04DCH         LINE#         434
  C:04E2H         LINE#         435
  C:04ECH         LINE#         436
  C:04ECH         LINE#         438
  C:04EFH         LINE#         439
  C:04F5H         LINE#         440
  -------         ENDPROC       ISR_HIGHSPEED
  -------         PROC          ISR_EP0ACK
  C:0AD1H         LINE#         441
  C:0AD1H         LINE#         443
  -------         ENDPROC       ISR_EP0ACK
  -------         PROC          ISR_STUB
  C:0AD2H         LINE#         444
  C:0AD2H         LINE#         446
  -------         ENDPROC       ISR_STUB
  -------         PROC          ISR_EP0IN
  C:0AD3H         LINE#         447
  C:0AD3H         LINE#         449
  -------         ENDPROC       ISR_EP0IN
  -------         PROC          ISR_EP0OUT
  C:0AD4H         LINE#         450
  C:0AD4H         LINE#         452
  -------         ENDPROC       ISR_EP0OUT
BL51 BANKED LINKER/LOCATER V6.22                                                      12/21/2022  23:08:09  PAGE 18


  -------         PROC          ISR_EP1IN
  C:0AD5H         LINE#         453
  C:0AD5H         LINE#         455
  -------         ENDPROC       ISR_EP1IN
  -------         PROC          ISR_EP1OUT
  C:0AD6H         LINE#         456
  C:0AD6H         LINE#         458
  -------         ENDPROC       ISR_EP1OUT
  -------         PROC          ISR_EP2INOUT
  C:0AD7H         LINE#         459
  C:0AD7H         LINE#         461
  -------         ENDPROC       ISR_EP2INOUT
  -------         PROC          ISR_EP4INOUT
  C:0AD8H         LINE#         462
  C:0AD8H         LINE#         464
  -------         ENDPROC       ISR_EP4INOUT
  -------         PROC          ISR_EP6INOUT
  C:0AD9H         LINE#         465
  C:0AD9H         LINE#         467
  -------         ENDPROC       ISR_EP6INOUT
  -------         PROC          ISR_EP8INOUT
  C:0ADAH         LINE#         468
  C:0ADAH         LINE#         470
  -------         ENDPROC       ISR_EP8INOUT
  -------         PROC          ISR_IBN
  C:0ADBH         LINE#         471
  C:0ADBH         LINE#         473
  -------         ENDPROC       ISR_IBN
  -------         PROC          ISR_EP0PINGNAK
  C:0ADCH         LINE#         474
  C:0ADCH         LINE#         476
  -------         ENDPROC       ISR_EP0PINGNAK
  -------         PROC          ISR_EP1PINGNAK
  C:0ADDH         LINE#         477
  C:0ADDH         LINE#         479
  -------         ENDPROC       ISR_EP1PINGNAK
  -------         PROC          ISR_EP2PINGNAK
  C:0ADEH         LINE#         480
  C:0ADEH         LINE#         482
  -------         ENDPROC       ISR_EP2PINGNAK
  -------         PROC          ISR_EP4PINGNAK
  C:0ADFH         LINE#         483
  C:0ADFH         LINE#         485
  -------         ENDPROC       ISR_EP4PINGNAK
  -------         PROC          ISR_EP6PINGNAK
  C:0AE0H         LINE#         486
  C:0AE0H         LINE#         488
  -------         ENDPROC       ISR_EP6PINGNAK
  -------         PROC          ISR_EP8PINGNAK
  C:0AE1H         LINE#         489
  C:0AE1H         LINE#         491
  -------         ENDPROC       ISR_EP8PINGNAK
  -------         PROC          ISR_ERRORLIMIT
  C:0AE2H         LINE#         492
  C:0AE2H         LINE#         494
  -------         ENDPROC       ISR_ERRORLIMIT
  -------         PROC          ISR_EP2PIDERROR
BL51 BANKED LINKER/LOCATER V6.22                                                      12/21/2022  23:08:09  PAGE 19


  C:0AE3H         LINE#         495
  C:0AE3H         LINE#         497
  -------         ENDPROC       ISR_EP2PIDERROR
  -------         PROC          ISR_EP4PIDERROR
  C:0AE4H         LINE#         498
  C:0AE4H         LINE#         500
  -------         ENDPROC       ISR_EP4PIDERROR
  -------         PROC          ISR_EP6PIDERROR
  C:0AE5H         LINE#         501
  C:0AE5H         LINE#         503
  -------         ENDPROC       ISR_EP6PIDERROR
  -------         PROC          ISR_EP8PIDERROR
  C:0AE6H         LINE#         504
  C:0AE6H         LINE#         506
  -------         ENDPROC       ISR_EP8PIDERROR
  -------         PROC          ISR_EP2PFLAG
  C:0AE7H         LINE#         507
  C:0AE7H         LINE#         509
  -------         ENDPROC       ISR_EP2PFLAG
  -------         PROC          ISR_EP4PFLAG
  C:0AE8H         LINE#         510
  C:0AE8H         LINE#         512
  -------         ENDPROC       ISR_EP4PFLAG
  -------         PROC          ISR_EP6PFLAG
  C:0AE9H         LINE#         513
  C:0AE9H         LINE#         515
  -------         ENDPROC       ISR_EP6PFLAG
  -------         PROC          ISR_EP8PFLAG
  C:0AEAH         LINE#         516
  C:0AEAH         LINE#         518
  -------         ENDPROC       ISR_EP8PFLAG
  -------         PROC          ISR_EP2EFLAG
  C:0AEBH         LINE#         519
  C:0AEBH         LINE#         521
  -------         ENDPROC       ISR_EP2EFLAG
  -------         PROC          ISR_EP4EFLAG
  C:0AECH         LINE#         522
  C:0AECH         LINE#         524
  -------         ENDPROC       ISR_EP4EFLAG
  -------         PROC          ISR_EP6EFLAG
  C:0AEDH         LINE#         525
  C:0AEDH         LINE#         527
  -------         ENDPROC       ISR_EP6EFLAG
  -------         PROC          ISR_EP8EFLAG
  C:0AEEH         LINE#         528
  C:0AEEH         LINE#         530
  -------         ENDPROC       ISR_EP8EFLAG
  -------         PROC          ISR_EP2FFLAG
  C:0AEFH         LINE#         531
  C:0AEFH         LINE#         533
  -------         ENDPROC       ISR_EP2FFLAG
  -------         PROC          ISR_EP4FFLAG
  C:0AF0H         LINE#         534
  C:0AF0H         LINE#         536
  -------         ENDPROC       ISR_EP4FFLAG
  -------         PROC          ISR_EP6FFLAG
  C:0AF1H         LINE#         537
BL51 BANKED LINKER/LOCATER V6.22                                                      12/21/2022  23:08:09  PAGE 20


  C:0AF1H         LINE#         539
  -------         ENDPROC       ISR_EP6FFLAG
  -------         PROC          ISR_EP8FFLAG
  C:0AF2H         LINE#         540
  C:0AF2H         LINE#         542
  -------         ENDPROC       ISR_EP8FFLAG
  -------         PROC          ISR_GPIFCOMPLETE
  C:0AF3H         LINE#         543
  C:0AF3H         LINE#         545
  -------         ENDPROC       ISR_GPIFCOMPLETE
  -------         PROC          ISR_GPIFWAVEFORM
  C:0AF4H         LINE#         546
  C:0AF4H         LINE#         548
  -------         ENDPROC       ISR_GPIFWAVEFORM
  -------         ENDMOD        BULKLOOP

  -------         MODULE        DSCR
  C:0600H         SEGMENT       DSCR
  C:0600H         PUBLIC        DEVICEDSCR
  C:0612H         PUBLIC        DEVICEQUALDSCR
  C:064AH         PUBLIC        FULLSPEEDCONFIGDSCR
  C:061CH         PUBLIC        HIGHSPEEDCONFIGDSCR
  C:0678H         PUBLIC        STRINGDSCR
  C:069AH         PUBLIC        USERDSCR
  N:0002H         SYMBOL        DSCR_CONFIG
  N:0009H         SYMBOL        DSCR_CONFIG_LEN
  N:0001H         SYMBOL        DSCR_DEVICE
  N:0012H         SYMBOL        DSCR_DEVICE_LEN
  N:0006H         SYMBOL        DSCR_DEVQUAL
  N:000AH         SYMBOL        DSCR_DEVQUAL_LEN
  N:0005H         SYMBOL        DSCR_ENDPNT
  N:0007H         SYMBOL        DSCR_ENDPNT_LEN
  N:0004H         SYMBOL        DSCR_INTRFC
  N:0009H         SYMBOL        DSCR_INTRFC_LEN
  N:0003H         SYMBOL        DSCR_STRING
  N:0002H         SYMBOL        ET_BULK
  N:0000H         SYMBOL        ET_CONTROL
  N:0003H         SYMBOL        ET_INT
  N:0001H         SYMBOL        ET_ISO
  C:0678H         SYMBOL        FULLSPEEDCONFIGDSCREND
  C:064AH         SYMBOL        HIGHSPEEDCONFIGDSCREND
  C:0678H         SYMBOL        STRINGDSCR0
  C:067CH         SYMBOL        STRINGDSCR0END
  C:067CH         SYMBOL        STRINGDSCR1
  C:068CH         SYMBOL        STRINGDSCR1END
  C:068CH         SYMBOL        STRINGDSCR2
  C:069AH         SYMBOL        STRINGDSCR2END
  -------         ENDMOD        DSCR

  -------         MODULE        TWI
  C:0000H         SYMBOL        _ICE_DUMMY_
  D:0090H         PUBLIC        P1
  D:00B0H         PUBLIC        P3
  C:0955H         PUBLIC        _Write_One_Byte
  D:00A8H         PUBLIC        IE
  D:00B8H         PUBLIC        IP
  C:0A51H         PUBLIC        Check_Acknowledge
BL51 BANKED LINKER/LOCATER V6.22                                                      12/21/2022  23:08:09  PAGE 21


  C:09FBH         PUBLIC        I2C_Start
  D:0098H         PUBLIC        SCON
  D:0088H         PUBLIC        TCON
  C:0A6CH         PUBLIC        SEND_0
  C:0A7CH         PUBLIC        SEND_1
  C:0A10H         PUBLIC        I2C_Stop
  C:0728H         PUBLIC        _?ReadI2CByte
  B:0080H.1       PUBLIC        SDA
  B:0080H.0       PUBLIC        SCL
  C:0785H         PUBLIC        _?WriteI2CByte
  D:00C8H         PUBLIC        T2CON
  C:0924H         PUBLIC        _DELAY
  B:00D0H.5       PUBLIC        F0
  C:0930H         PUBLIC        ProbeSlaveAddr
  C:085CH         PUBLIC        _Read_One_Byte
  D:00D0H         PUBLIC        PSW
  C:0AACH         PUBLIC        Check_NAcknowledge
  C:0920H         SYMBOL        L?0035
  -------         PROC          L?0034
  -------         ENDPROC       L?0034
  C:0920H         SYMBOL        L?0035
  -------         PROC          _DELAY
  D:0006H         SYMBOL        t
  C:0924H         LINE#         17
  C:0924H         LINE#         18
  C:0924H         LINE#         19
  C:0928H         LINE#         20
  C:092FH         LINE#         21
  -------         ENDPROC       _DELAY
  -------         PROC          I2C_START
  C:09FBH         LINE#         23
  C:09FBH         LINE#         24
  C:09FBH         LINE#         25
  C:09FDH         LINE#         26
  C:09FFH         LINE#         27
  C:0A02H         LINE#         28
  C:0A04H         LINE#         29
  C:0A07H         LINE#         30
  C:0A09H         LINE#         31
  -------         ENDPROC       I2C_START
  -------         PROC          I2C_STOP
  C:0A10H         LINE#         34
  C:0A10H         LINE#         35
  C:0A10H         LINE#         36
  C:0A12H         LINE#         37
  C:0A14H         LINE#         38
  C:0A17H         LINE#         39
  C:0A19H         LINE#         40
  C:0A1CH         LINE#         41
  C:0A1EH         LINE#         42
  -------         ENDPROC       I2C_STOP
  -------         PROC          SEND_0
  C:0A6CH         LINE#         45
  C:0A6CH         LINE#         46
  C:0A6CH         LINE#         47
  C:0A6EH         LINE#         48
  C:0A70H         LINE#         49
BL51 BANKED LINKER/LOCATER V6.22                                                      12/21/2022  23:08:09  PAGE 22


  C:0A73H         LINE#         50
  C:0A75H         LINE#         51
  -------         ENDPROC       SEND_0
  -------         PROC          SEND_1
  C:0A7CH         LINE#         54
  C:0A7CH         LINE#         55
  C:0A7CH         LINE#         57
  C:0A7EH         LINE#         58
  C:0A80H         LINE#         59
  C:0A83H         LINE#         60
  C:0A85H         LINE#         61
  -------         ENDPROC       SEND_1
  C:0A4CH         SYMBOL        L?0037
  -------         PROC          L?0036
  -------         ENDPROC       L?0036
  C:0A4CH         SYMBOL        L?0037
  -------         PROC          CHECK_ACKNOWLEDGE
  C:0A51H         LINE#         64
  C:0A51H         LINE#         65
  C:0A51H         LINE#         67
  C:0A51H         LINE#         68
  C:0A51H         LINE#         69
  C:0A51H         LINE#         70
  C:0A51H         LINE#         71
  C:0A51H         LINE#         72
  C:0A51H         LINE#         73
  C:0A54H         LINE#         74
  C:0A57H         LINE#         75
  C:0A59H         LINE#         76
  C:0A5AH         LINE#         77
  -------         ENDPROC       CHECK_ACKNOWLEDGE
  -------         PROC          CHECK_NACKNOWLEDGE
  C:0AACH         LINE#         79
  C:0AACH         LINE#         80
  C:0AACH         LINE#         82
  C:0AACH         LINE#         83
  C:0AACH         LINE#         84
  C:0AACH         LINE#         85
  C:0AACH         LINE#         86
  C:0AACH         LINE#         87
  C:0AACH         LINE#         88
  C:0AAFH         LINE#         89
  C:0AB2H         LINE#         90
  C:0AB4H         LINE#         91
  C:0AB5H         LINE#         92
  -------         ENDPROC       CHECK_NACKNOWLEDGE
  -------         PROC          PROBESLAVEADDR
  -------         DO            
  D:0018H         SYMBOL        i
  B:0020H.5       SYMBOL        ack
  -------         ENDDO         
  C:0930H         LINE#         95
  C:0930H         LINE#         96
  C:0930H         LINE#         97
  C:0933H         LINE#         99
  C:0935H         LINE#         100
  C:0935H         LINE#         102
BL51 BANKED LINKER/LOCATER V6.22                                                      12/21/2022  23:08:09  PAGE 23


  C:0938H         LINE#         103
  C:093DH         LINE#         104
  C:0942H         LINE#         105
  C:0945H         LINE#         106
  C:0948H         LINE#         107
  C:094BH         LINE#         108
  C:094BH         LINE#         109
  C:0954H         LINE#         110
  -------         ENDPROC       PROBESLAVEADDR
  -------         PROC          _?WRITEI2CBYTE
  i:0001H         SYMBOL        b
  -------         DO            
  i:0000H         SYMBOL        i
  -------         ENDDO         
  C:0785H         LINE#         114
  C:078DH         LINE#         117
  C:079CH         LINE#         118
  C:07B5H         LINE#         119
  C:07BAH         LINE#         121
  C:07C2H         LINE#         122
  -------         ENDPROC       _?WRITEI2CBYTE
  -------         PROC          _?READI2CBYTE
  -------         DO            
  i:0000H         SYMBOL        b
  i:0001H         SYMBOL        i
  -------         ENDDO         
  C:0728H         LINE#         126
  C:072CH         LINE#         128
  C:0730H         LINE#         129
  C:0741H         LINE#         130
  C:0741H         LINE#         131
  C:0743H         LINE#         132
  C:0745H         LINE#         133
  C:074CH         LINE#         134
  C:0750H         LINE#         135
  C:0757H         LINE#         136
  C:0759H         LINE#         137
  C:075EH         LINE#         138
  C:075EH         LINE#         139
  C:0766H         LINE#         140
  C:076CH         LINE#         141
  C:076EH         LINE#         143
  C:0776H         LINE#         144
  C:077CH         LINE#         145
  C:0780H         LINE#         146
  -------         ENDPROC       _?READI2CBYTE
  -------         PROC          _WRITE_ONE_BYTE
  D:0004H         SYMBOL        addr
  D:0002H         SYMBOL        reg
  D:0003H         SYMBOL        thedata
  -------         DO            
  B:0020H.5       SYMBOL        acktemp
  -------         ENDDO         
  C:0955H         LINE#         150
  C:0959H         LINE#         151
  C:0959H         LINE#         152
  C:095BH         LINE#         153
BL51 BANKED LINKER/LOCATER V6.22                                                      12/21/2022  23:08:09  PAGE 24


  C:095EH         LINE#         154
  C:0963H         LINE#         155
  C:0968H         LINE#         156
  C:096DH         LINE#         157
  C:0972H         LINE#         158
  C:0972H         LINE#         159
  C:0977H         LINE#         160
  -------         ENDPROC       _WRITE_ONE_BYTE
  -------         PROC          _READ_ONE_BYTE
  D:0003H         SYMBOL        addr
  D:0002H         SYMBOL        reg
  -------         DO            
  B:0020H.4       SYMBOL        acktemp
  D:0005H         SYMBOL        mydata
  -------         ENDDO         
  C:085CH         LINE#         165
  C:0860H         LINE#         166
  C:0862H         LINE#         169
  C:0862H         LINE#         170
  C:0862H         LINE#         171
  C:0867H         LINE#         173
  C:086CH         LINE#         174
  C:0871H         LINE#         175
  C:0874H         LINE#         177
  C:0874H         LINE#         178
  C:0874H         LINE#         179
  C:0879H         LINE#         181
  C:087EH         LINE#         182
  C:0883H         LINE#         183
  C:0886H         LINE#         184
  C:0888H         LINE#         185
  -------         ENDPROC       _READ_ONE_BYTE
  -------         ENDMOD        TWI

  -------         MODULE        RESUME
  C:0000H         SYMBOL        _ICE_DUMMY_
  C:0889H         PUBLIC        EZUSB_Resume
  -------         PROC          EZUSB_RESUME
  C:0889H         LINE#         38
  C:0889H         LINE#         39
  C:0889H         LINE#         40
  C:089FH         LINE#         42
  C:089FH         LINE#         43
  C:08A6H         LINE#         44
  C:08ADH         LINE#         45
  C:08B4H         LINE#         46
  C:08B4H         LINE#         47
  -------         ENDPROC       EZUSB_RESUME
  -------         ENDMOD        RESUME

  -------         MODULE        DISCON
  C:0000H         SYMBOL        _ICE_DUMMY_
  D:0091H         PUBLIC        EXIF
  C:082DH         PUBLIC        EZUSB_Discon
  -------         PROC          EZUSB_DISCON
  B:0020H.5       SYMBOL        renum
  C:082DH         LINE#         39
BL51 BANKED LINKER/LOCATER V6.22                                                      12/21/2022  23:08:09  PAGE 25


  C:082DH         LINE#         40
  C:082DH         LINE#         42
  C:0830H         LINE#         43
  C:0839H         LINE#         45
  C:0840H         LINE#         47
  C:0847H         LINE#         49
  C:084DH         LINE#         50
  C:0851H         LINE#         51
  C:0854H         LINE#         53
  C:085BH         LINE#         54
  -------         ENDPROC       EZUSB_DISCON
  -------         ENDMOD        DISCON

  -------         MODULE        EZREGS
  C:0000H         SYMBOL        _ICE_DUMMY_
  X:E652H         PUBLIC        EP4FIFOIE
  X:E668H         PUBLIC        INTSETUP
  X:E600H         PUBLIC        CPUCS
  X:E654H         PUBLIC        EP6FIFOIE
  X:E680H         PUBLIC        USBCS
  X:E65FH         PUBLIC        EPIRQ
  X:E656H         PUBLIC        EP8FIFOIE
  X:E6F2H         PUBLIC        XGPIFSGLDATLNOX
  X:E6C0H         PUBLIC        GPIFWFSELECT
  X:E6F0H         PUBLIC        XGPIFSGLDATH
  X:E605H         PUBLIC        BREAKPT
  X:E609H         PUBLIC        FIFOPINPOLAR
  X:E640H         PUBLIC        EP2ISOINPKTS
  X:E678H         PUBLIC        I2CS
  X:E610H         PUBLIC        EP1OUTCFG
  X:E6F9H         PUBLIC        TESTCFG
  X:E641H         PUBLIC        EP4ISOINPKTS
  X:E68AH         PUBLIC        EP0BCH
  X:E661H         PUBLIC        GPIFIRQ
  X:E642H         PUBLIC        EP6ISOINPKTS
  X:E690H         PUBLIC        EP2BCH
  X:E643H         PUBLIC        EP8ISOINPKTS
  X:E694H         PUBLIC        EP4BCH
  X:E68BH         PUBLIC        EP0BCL
  X:E612H         PUBLIC        EP2CFG
  X:E698H         PUBLIC        EP6BCH
  X:E691H         PUBLIC        EP2BCL
  X:E613H         PUBLIC        EP4CFG
  X:E6A7H         PUBLIC        EP2FIFOFLGS
  X:E69CH         PUBLIC        EP8BCH
  X:E695H         PUBLIC        EP4BCL
  X:E628H         PUBLIC        ECCCFG
  X:E614H         PUBLIC        EP6CFG
  X:E6A8H         PUBLIC        EP4FIFOFLGS
  X:E699H         PUBLIC        EP6BCL
  X:E780H         PUBLIC        EP1OUTBUF
  X:E67BH         PUBLIC        XAUTODAT1
  X:E615H         PUBLIC        EP8CFG
  X:E6A9H         PUBLIC        EP6FIFOFLGS
  X:E69DH         PUBLIC        EP8BCL
  X:E67CH         PUBLIC        XAUTODAT2
  X:E684H         PUBLIC        USBFRAMEH
BL51 BANKED LINKER/LOCATER V6.22                                                      12/21/2022  23:08:09  PAGE 26


  X:E6F5H         PUBLIC        GPIFABORT
  X:E6AAH         PUBLIC        EP8FIFOFLGS
  X:E6F8H         PUBLIC        DBUG
  X:E740H         PUBLIC        EP0BUF
  X:E6CBH         PUBLIC        FLOWSTB
  X:E65EH         PUBLIC        EPIE
  X:E685H         PUBLIC        USBFRAMEL
  X:E681H         PUBLIC        SUSPEND
  X:E60CH         PUBLIC        GPIFHOLDAMOUNT
  X:E6D4H         PUBLIC        EP2GPIFTRIG
  X:E6C7H         PUBLIC        FLOWLOGIC
  X:E6DCH         PUBLIC        EP4GPIFTRIG
  X:E604H         PUBLIC        FIFORESET
  X:E6E4H         PUBLIC        EP6GPIFTRIG
  X:E6C2H         PUBLIC        GPIFIDLECTL
  X:E6FAH         PUBLIC        USBTEST
  X:E6B3H         PUBLIC        SUDPTRH
  X:E6ECH         PUBLIC        EP8GPIFTRIG
  X:E6D2H         PUBLIC        EP2GPIFFLGSEL
  X:E611H         PUBLIC        EP1INCFG
  X:E6B4H         PUBLIC        SUDPTRL
  X:E687H         PUBLIC        FNADDR
  X:E6DAH         PUBLIC        EP4GPIFFLGSEL
  X:E6D1H         PUBLIC        GPIFTCB0
  X:E6CDH         PUBLIC        FLOWSTBHPERIOD
  X:E6D0H         PUBLIC        GPIFTCB1
  X:E665H         PUBLIC        CLRERRCNT
  X:E6E2H         PUBLIC        EP6GPIFFLGSEL
  X:E6CFH         PUBLIC        GPIFTCB2
  X:E664H         PUBLIC        ERRCNTLIM
  X:E6CEH         PUBLIC        GPIFTCB3
  X:E6EAH         PUBLIC        EP8GPIFFLGSEL
  X:E660H         PUBLIC        GPIFIE
  X:E67FH         PUBLIC        UDMACRCQUAL
  X:E400H         PUBLIC        GPIF_WAVE_DATA
  X:E6CCH         PUBLIC        FLOWSTBEDGE
  X:E6ABH         PUBLIC        EP2FIFOBCH
  X:E7C0H         PUBLIC        EP1INBUF
  X:E6C6H         PUBLIC        FLOWSTATE
  X:E6ADH         PUBLIC        EP4FIFOBCH
  X:E6CAH         PUBLIC        FLOWHOLDOFF
  X:E618H         PUBLIC        EP2FIFOCFG
  X:E6AFH         PUBLIC        EP6FIFOBCH
  X:E6ACH         PUBLIC        EP2FIFOBCL
  X:E619H         PUBLIC        EP4FIFOCFG
  X:E6B1H         PUBLIC        EP8FIFOBCH
  X:E6AEH         PUBLIC        EP4FIFOBCL
  X:E649H         PUBLIC        OUTPKTEND
  X:E663H         PUBLIC        USBERRIRQ
  X:E61AH         PUBLIC        EP6FIFOCFG
  X:E6B0H         PUBLIC        EP6FIFOBCL
  X:E620H         PUBLIC        EP2AUTOINLENH
  X:E61BH         PUBLIC        EP8FIFOCFG
  X:E6B2H         PUBLIC        EP8FIFOBCL
  X:E68DH         PUBLIC        EP1OUTBC
  X:E622H         PUBLIC        EP4AUTOINLENH
  X:E666H         PUBLIC        INT2IVEC
BL51 BANKED LINKER/LOCATER V6.22                                                      12/21/2022  23:08:09  PAGE 27


  X:E659H         PUBLIC        IBNIRQ
  X:E6FBH         PUBLIC        CT1
  X:E6C4H         PUBLIC        GPIFADRH
  X:E65BH         PUBLIC        NAKIRQ
  X:E624H         PUBLIC        EP6AUTOINLENH
  X:E621H         PUBLIC        EP2AUTOINLENL
  X:E601H         PUBLIC        IFCONFIG
  X:E6FCH         PUBLIC        CT2
  X:E6B5H         PUBLIC        SUDPTRCTL
  X:E667H         PUBLIC        INT4IVEC
  X:E6FDH         PUBLIC        CT3
  X:E67DH         PUBLIC        UDMACRCH
  X:E626H         PUBLIC        EP8AUTOINLENH
  X:E623H         PUBLIC        EP4AUTOINLENL
  X:E6FEH         PUBLIC        CT4
  X:F000H         PUBLIC        EP2FIFOBUF
  X:E6C5H         PUBLIC        GPIFADRL
  X:E625H         PUBLIC        EP6AUTOINLENL
  X:E630H         PUBLIC        EP2FIFOPFH
  X:F400H         PUBLIC        EP4FIFOBUF
  X:E67EH         PUBLIC        UDMACRCL
  X:E627H         PUBLIC        EP8AUTOINLENL
  X:E6D3H         PUBLIC        EP2GPIFPFSTOP
  X:E683H         PUBLIC        TOGCTL
  X:E632H         PUBLIC        EP4FIFOPFH
  X:F800H         PUBLIC        EP6FIFOBUF
  X:E629H         PUBLIC        ECCRESET
  X:E6DBH         PUBLIC        EP4GPIFPFSTOP
  X:E634H         PUBLIC        EP6FIFOPFH
  X:E631H         PUBLIC        EP2FIFOPFL
  X:FC00H         PUBLIC        EP8FIFOBUF
  X:E60BH         PUBLIC        REVCTL
  X:E6E3H         PUBLIC        EP6GPIFPFSTOP
  X:E636H         PUBLIC        EP8FIFOPFH
  X:E633H         PUBLIC        EP4FIFOPFL
  X:E608H         PUBLIC        UART230
  X:E480H         PUBLIC        RES_WAVEDATA_END
  X:E6EBH         PUBLIC        EP8GPIFPFSTOP
  X:E679H         PUBLIC        I2DAT
  X:E635H         PUBLIC        EP6FIFOPFL
  X:E6A1H         PUBLIC        EP1OUTCS
  X:E637H         PUBLIC        EP8FIFOPFL
  X:E65DH         PUBLIC        USBIRQ
  X:E670H         PUBLIC        PORTACFG
  X:E671H         PUBLIC        PORTCCFG
  X:E651H         PUBLIC        EP2FIFOIRQ
  X:E602H         PUBLIC        PINFLAGSAB
  X:E6A0H         PUBLIC        EP0CS
  X:E6F4H         PUBLIC        GPIFREADYSTAT
  X:E6C3H         PUBLIC        GPIFCTLCFG
  X:E672H         PUBLIC        PORTECFG
  X:E653H         PUBLIC        EP4FIFOIRQ
  X:E6C1H         PUBLIC        GPIFIDLECS
  X:E6A3H         PUBLIC        EP2CS
  X:E50DH         PUBLIC        GPCR2
  X:E67AH         PUBLIC        I2CTL
  X:E655H         PUBLIC        EP6FIFOIRQ
BL51 BANKED LINKER/LOCATER V6.22                                                      12/21/2022  23:08:09  PAGE 28


  X:E603H         PUBLIC        PINFLAGSCD
  X:E6A4H         PUBLIC        EP4CS
  X:E648H         PUBLIC        INPKTEND
  X:E657H         PUBLIC        EP8FIFOIRQ
  X:E6A5H         PUBLIC        EP6CS
  X:E6A6H         PUBLIC        EP8CS
  X:E68FH         PUBLIC        EP1INBC
  X:E662H         PUBLIC        USBERRIE
  X:E6C8H         PUBLIC        FLOWEQ0CTL
  X:E6C9H         PUBLIC        FLOWEQ1CTL
  X:E682H         PUBLIC        WAKEUPCS
  X:E6F1H         PUBLIC        XGPIFSGLDATLX
  X:E658H         PUBLIC        IBNIE
  X:E686H         PUBLIC        MICROFRAME
  X:E65AH         PUBLIC        NAKIE
  X:E6B8H         PUBLIC        SETUPDAT
  X:E62AH         PUBLIC        ECC1B0
  X:E62DH         PUBLIC        ECC2B0
  X:E62BH         PUBLIC        ECC1B1
  X:E6F3H         PUBLIC        GPIFREADYCFG
  X:E62EH         PUBLIC        ECC2B1
  X:E62CH         PUBLIC        ECC1B2
  X:E62FH         PUBLIC        ECC2B2
  X:E6A2H         PUBLIC        EP1INCS
  X:E606H         PUBLIC        BPADDRH
  X:E65CH         PUBLIC        USBIE
  X:E60AH         PUBLIC        REVID
  X:E607H         PUBLIC        BPADDRL
  X:E650H         PUBLIC        EP2FIFOIE
  -------         ENDMOD        EZREGS

  -------         MODULE        GET_STRD
  C:0000H         SYMBOL        _ICE_DUMMY_
  C:08B5H         PUBLIC        _EZUSB_GetStringDscr
  -------         PROC          _EZUSB_GETSTRINGDSCR
  D:0001H         SYMBOL        StrIdx
  -------         DO            
  D:0006H         SYMBOL        dscr
  -------         ENDDO         
  C:08B5H         LINE#         38
  C:08B7H         LINE#         39
  C:08B7H         LINE#         42
  C:08BBH         LINE#         44
  C:08C5H         LINE#         45
  C:08C5H         LINE#         46
  C:08CBH         LINE#         47
  C:08CCH         LINE#         48
  C:08DAH         LINE#         49
  C:08DCH         LINE#         51
  C:08DFH         LINE#         52
  -------         ENDPROC       _EZUSB_GETSTRINGDSCR
  -------         ENDMOD        GET_STRD

  -------         MODULE        SUSP
  C:097AH         SEGMENT       EZUSB
  C:097AH         PUBLIC        EZUSB_SUSP
  B:00D0H.6       SYMBOL        AC
BL51 BANKED LINKER/LOCATER V6.22                                                      12/21/2022  23:08:09  PAGE 29


  D:00E0H         SYMBOL        ACC
  D:009AH         SYMBOL        APTR1H
  D:009BH         SYMBOL        APTR1L
  D:009AH         SYMBOL        AUTOPTR1H
  D:009BH         SYMBOL        AUTOPTR1L
  D:009AH         SYMBOL        AUTOPTRH1
  D:009DH         SYMBOL        AUTOPTRH2
  D:009BH         SYMBOL        AUTOPTRL1
  D:009EH         SYMBOL        AUTOPTRL2
  D:00AFH         SYMBOL        AUTOPTRSETUP
  D:00F0H         SYMBOL        B
  X:E606H         SYMBOL        BPADDRH
  X:E607H         SYMBOL        BPADDRL
  X:E605H         SYMBOL        BREAKPT
  D:008EH         SYMBOL        CKCON
  X:E665H         SYMBOL        CLRERRCNT
  X:E600H         SYMBOL        CPUCS
  B:00C8H.0       SYMBOL        CP_RL2
  X:E6FBH         SYMBOL        CT1
  X:E6FCH         SYMBOL        CT2
  X:E6FDH         SYMBOL        CT3
  X:E6FEH         SYMBOL        CT4
  B:00D0H.7       SYMBOL        CY
  B:00C8H.1       SYMBOL        C_T2
  X:E6F8H         SYMBOL        DBUG
  D:0083H         SYMBOL        DPH
  D:0085H         SYMBOL        DPH1
  D:0082H         SYMBOL        DPL
  D:0084H         SYMBOL        DPL1
  D:0086H         SYMBOL        DPS
  B:00A8H.7       SYMBOL        EA
  X:E62AH         SYMBOL        ECC1B0
  X:E62BH         SYMBOL        ECC1B1
  X:E62CH         SYMBOL        ECC1B2
  X:E62DH         SYMBOL        ECC2B0
  X:E62EH         SYMBOL        ECC2B1
  X:E62FH         SYMBOL        ECC2B2
  X:E628H         SYMBOL        ECCCFG
  X:E629H         SYMBOL        ECCRESET
  B:00E8H.1       SYMBOL        EI2C
  D:00D8H         SYMBOL        EICON
  D:00E8H         SYMBOL        EIE
  B:00E8H.2       SYMBOL        EIEX4
  B:00E8H.3       SYMBOL        EIEX5
  B:00E8H.4       SYMBOL        EIEX6
  D:00F8H         SYMBOL        EIP
  B:00F8H.2       SYMBOL        EIPX4
  B:00F8H.3       SYMBOL        EIPX5
  B:00F8H.4       SYMBOL        EIPX6
  D:00BAH         SYMBOL        EP01STAT
  X:E68AH         SYMBOL        EP0BCH
  X:E68BH         SYMBOL        EP0BCL
  X:E740H         SYMBOL        EP0BUF
  X:E6A0H         SYMBOL        EP0CS
  X:E68FH         SYMBOL        EP1INBC
  X:E7C0H         SYMBOL        EP1INBUF
  X:E611H         SYMBOL        EP1INCFG
BL51 BANKED LINKER/LOCATER V6.22                                                      12/21/2022  23:08:09  PAGE 30


  X:E6A2H         SYMBOL        EP1INCS
  X:E68DH         SYMBOL        EP1OUTBC
  X:E780H         SYMBOL        EP1OUTBUF
  X:E610H         SYMBOL        EP1OUTCFG
  X:E6A1H         SYMBOL        EP1OUTCS
  D:00AAH         SYMBOL        EP2468STAT
  D:00ABH         SYMBOL        EP24FIFOFLGS
  X:E620H         SYMBOL        EP2AUTOINLENH
  X:E621H         SYMBOL        EP2AUTOINLENL
  X:E690H         SYMBOL        EP2BCH
  X:E691H         SYMBOL        EP2BCL
  X:E612H         SYMBOL        EP2CFG
  X:E6A3H         SYMBOL        EP2CS
  X:E6ABH         SYMBOL        EP2FIFOBCH
  X:E6ACH         SYMBOL        EP2FIFOBCL
  X:F000H         SYMBOL        EP2FIFOBUF
  X:E618H         SYMBOL        EP2FIFOCFG
  X:E6A7H         SYMBOL        EP2FIFOFLGS
  X:E650H         SYMBOL        EP2FIFOIE
  X:E651H         SYMBOL        EP2FIFOIRQ
  X:E630H         SYMBOL        EP2FIFOPFH
  X:E631H         SYMBOL        EP2FIFOPFL
  X:E6D2H         SYMBOL        EP2GPIFFLGSEL
  X:E6D3H         SYMBOL        EP2GPIFPFSTOP
  X:E6D0H         SYMBOL        EP2GPIFTCH
  X:E6D1H         SYMBOL        EP2GPIFTCL
  X:E6D4H         SYMBOL        EP2GPIFTRIG
  X:E640H         SYMBOL        EP2ISOINPKTS
  X:E622H         SYMBOL        EP4AUTOINLENH
  X:E623H         SYMBOL        EP4AUTOINLENL
  X:E694H         SYMBOL        EP4BCH
  X:E695H         SYMBOL        EP4BCL
  X:E613H         SYMBOL        EP4CFG
  X:E6A4H         SYMBOL        EP4CS
  X:E6ADH         SYMBOL        EP4FIFOBCH
  X:E6AEH         SYMBOL        EP4FIFOBCL
  X:F400H         SYMBOL        EP4FIFOBUF
  X:E619H         SYMBOL        EP4FIFOCFG
  X:E6A8H         SYMBOL        EP4FIFOFLGS
  X:E652H         SYMBOL        EP4FIFOIE
  X:E653H         SYMBOL        EP4FIFOIRQ
  X:E632H         SYMBOL        EP4FIFOPFH
  X:E633H         SYMBOL        EP4FIFOPFL
  X:E6DAH         SYMBOL        EP4GPIFFLGSEL
  X:E6DBH         SYMBOL        EP4GPIFPFSTOP
  X:E6D0H         SYMBOL        EP4GPIFTCH
  X:E6D1H         SYMBOL        EP4GPIFTCL
  X:E6DCH         SYMBOL        EP4GPIFTRIG
  X:E641H         SYMBOL        EP4ISOINPKTS
  D:00ACH         SYMBOL        EP68FIFOFLGS
  X:E624H         SYMBOL        EP6AUTOINLENH
  X:E625H         SYMBOL        EP6AUTOINLENL
  X:E698H         SYMBOL        EP6BCH
  X:E699H         SYMBOL        EP6BCL
  X:E614H         SYMBOL        EP6CFG
  X:E6A5H         SYMBOL        EP6CS
  X:E6AFH         SYMBOL        EP6FIFOBCH
BL51 BANKED LINKER/LOCATER V6.22                                                      12/21/2022  23:08:09  PAGE 31


  X:E6B0H         SYMBOL        EP6FIFOBCL
  X:F800H         SYMBOL        EP6FIFOBUF
  X:E61AH         SYMBOL        EP6FIFOCFG
  X:E6A9H         SYMBOL        EP6FIFOFLGS
  X:E654H         SYMBOL        EP6FIFOIE
  X:E655H         SYMBOL        EP6FIFOIRQ
  X:E634H         SYMBOL        EP6FIFOPFH
  X:E635H         SYMBOL        EP6FIFOPFL
  X:E6E2H         SYMBOL        EP6GPIFFLGSEL
  X:E6E3H         SYMBOL        EP6GPIFPFSTOP
  X:E6D0H         SYMBOL        EP6GPIFTCH
  X:E6D1H         SYMBOL        EP6GPIFTCL
  X:E6E4H         SYMBOL        EP6GPIFTRIG
  X:E642H         SYMBOL        EP6ISOINPKTS
  X:E626H         SYMBOL        EP8AUTOINLENH
  X:E627H         SYMBOL        EP8AUTOINLENL
  X:E69CH         SYMBOL        EP8BCH
  X:E69DH         SYMBOL        EP8BCL
  X:E615H         SYMBOL        EP8CFG
  X:E6A6H         SYMBOL        EP8CS
  X:E6B1H         SYMBOL        EP8FIFOBCH
  X:E6B2H         SYMBOL        EP8FIFOBCL
  X:FC00H         SYMBOL        EP8FIFOBUF
  X:E61BH         SYMBOL        EP8FIFOCFG
  X:E6AAH         SYMBOL        EP8FIFOFLGS
  X:E656H         SYMBOL        EP8FIFOIE
  X:E657H         SYMBOL        EP8FIFOIRQ
  X:E636H         SYMBOL        EP8FIFOPFH
  X:E637H         SYMBOL        EP8FIFOPFL
  X:E6EAH         SYMBOL        EP8GPIFFLGSEL
  X:E6EBH         SYMBOL        EP8GPIFPFSTOP
  X:E6D0H         SYMBOL        EP8GPIFTCH
  X:E6D1H         SYMBOL        EP8GPIFTCL
  X:E6ECH         SYMBOL        EP8GPIFTRIG
  X:E643H         SYMBOL        EP8ISOINPKTS
  X:E65EH         SYMBOL        EPIE
  X:E65FH         SYMBOL        EPIRQ
  B:00D8H.5       SYMBOL        ERESI
  X:E664H         SYMBOL        ERRCNTLIM
  C:098DH         SYMBOL        ER_END
  B:00A8H.4       SYMBOL        ES0
  B:00A8H.6       SYMBOL        ES1
  B:00A8H.1       SYMBOL        ET0
  B:00A8H.3       SYMBOL        ET1
  B:00A8H.5       SYMBOL        ET2
  B:00E8H.0       SYMBOL        EUSB
  B:00A8H.0       SYMBOL        EX0
  B:00A8H.2       SYMBOL        EX1
  B:00C8H.3       SYMBOL        EXEN2
  B:00C8H.6       SYMBOL        EXF2
  D:0091H         SYMBOL        EXIF
  X:E67BH         SYMBOL        EXTAUTODAT1
  X:E67CH         SYMBOL        EXTAUTODAT2
  B:00D0H.5       SYMBOL        F0
  X:E609H         SYMBOL        FIFOPINPOLAR
  X:E604H         SYMBOL        FIFORESET
  B:00D0H.1       SYMBOL        FL
BL51 BANKED LINKER/LOCATER V6.22                                                      12/21/2022  23:08:09  PAGE 32


  X:E6CCH         SYMBOL        FLOWEDGE
  X:E6C8H         SYMBOL        FLOWEQ0CTL
  X:E6C9H         SYMBOL        FLOWEQ1CTL
  X:E6C7H         SYMBOL        FLOWLOGIC
  X:E6C6H         SYMBOL        FLOWSTATE
  X:E6CBH         SYMBOL        FLOWSTB
  X:E6CDH         SYMBOL        FLOWSTBHPERIOD
  X:E687H         SYMBOL        FNADDR
  X:E509H         SYMBOL        GPCR2
  X:E6F5H         SYMBOL        GPIFABORT
  X:E6C4H         SYMBOL        GPIFADRH
  X:E6C5H         SYMBOL        GPIFADRL
  X:E6C3H         SYMBOL        GPIFCTLCFG
  X:E60CH         SYMBOL        GPIFHOLDAMOUNT
  X:E6C1H         SYMBOL        GPIFIDLECS
  X:E6C2H         SYMBOL        GPIFIDLECTL
  X:E660H         SYMBOL        GPIFIE
  X:E661H         SYMBOL        GPIFIRQ
  X:E6F3H         SYMBOL        GPIFREADYCFG
  X:E6F4H         SYMBOL        GPIFREADYSTAT
  D:00BDH         SYMBOL        GPIFSGLDATH
  D:00BFH         SYMBOL        GPIFSGLDATLNOX
  D:00BEH         SYMBOL        GPIFSGLDATLX
  X:E6D1H         SYMBOL        GPIFTCB0
  X:E6D0H         SYMBOL        GPIFTCB1
  X:E6CFH         SYMBOL        GPIFTCB2
  X:E6CEH         SYMBOL        GPIFTCB3
  D:00BBH         SYMBOL        GPIFTRIG
[...]
  X:E608H         SYMBOL        UART230
  X:E67DH         SYMBOL        UDMACRCH
BL51 BANKED LINKER/LOCATER V6.22                                                      12/21/2022  23:08:09  PAGE 35


  X:E67EH         SYMBOL        UDMACRCL
  X:E67FH         SYMBOL        UDMACRCQUAL
  X:E680H         SYMBOL        USBCS
  X:E662H         SYMBOL        USBERRIE
  X:E663H         SYMBOL        USBERRIRQ
  X:E684H         SYMBOL        USBFRAMEH
  X:E685H         SYMBOL        USBFRAMEL
  X:E65CH         SYMBOL        USBIE
  X:E65DH         SYMBOL        USBIRQ
  X:E6FAH         SYMBOL        USBTEST
  X:E682H         SYMBOL        WAKEUPCS
  X:E6F0H         SYMBOL        XGPIFSGLDATH
  X:E6F2H         SYMBOL        XGPIFSGLDATLNOX
  X:E6F1H         SYMBOL        XGPIFSGLDATLX
  C:097AH         LINE#         22
  C:097DH         LINE#         23
  C:097EH         LINE#         24
  C:0980H         LINE#         25
  C:0981H         LINE#         27
  C:0984H         LINE#         28
  C:0985H         LINE#         30
  C:0988H         LINE#         32
  C:0989H         LINE#         33
  C:098AH         LINE#         34
  C:098BH         LINE#         35
  C:098CH         LINE#         36
  C:098DH         LINE#         37
  -------         ENDMOD        SUSP

  -------         MODULE        DELAY
  C:0000H         SYMBOL        _ICE_DUMMY_
  C:05B8H         PUBLIC        _EZUSB_Delay
  -------         PROC          _EZUSB_DELAY
  D:0018H         SYMBOL        ms
  C:05B8H         LINE#         39
  C:05BCH         LINE#         40
  C:05BCH         LINE#         46
  C:05C4H         LINE#         47
  C:05D6H         LINE#         48
  C:05E0H         LINE#         49
  C:05EBH         LINE#         51
  C:05F8H         LINE#         52
  C:05FDH         LINE#         53
  -------         ENDPROC       _EZUSB_DELAY
  -------         ENDMOD        DELAY

  -------         MODULE        DELAY1MS
  C:097AH         SEGMENT       EZUSB
  C:098EH         PUBLIC        EZUSB_DELAY1MS
  B:00D0H.6       SYMBOL        AC
  D:00E0H         SYMBOL        ACC
  D:009AH         SYMBOL        APTR1H
  D:009BH         SYMBOL        APTR1L
  D:009AH         SYMBOL        AUTOPTR1H
  D:009BH         SYMBOL        AUTOPTR1L
  D:009AH         SYMBOL        AUTOPTRH1
  D:009DH         SYMBOL        AUTOPTRH2
BL51 BANKED LINKER/LOCATER V6.22                                                      12/21/2022  23:08:09  PAGE 36


  D:009BH         SYMBOL        AUTOPTRL1
  D:009EH         SYMBOL        AUTOPTRL2
  D:00AFH         SYMBOL        AUTOPTRSETUP
  D:00F0H         SYMBOL        B
  X:E606H         SYMBOL        BPADDRH
  X:E607H         SYMBOL        BPADDRL
  X:E605H         SYMBOL        BREAKPT
  D:008EH         SYMBOL        CKCON
  X:E665H         SYMBOL        CLRERRCNT
  X:E600H         SYMBOL        CPUCS
  B:00C8H.0       SYMBOL        CP_RL2
  X:E6FBH         SYMBOL        CT1
  X:E6FCH         SYMBOL        CT2
  X:E6FDH         SYMBOL        CT3
  X:E6FEH         SYMBOL        CT4
  B:00D0H.7       SYMBOL        CY
  B:00C8H.1       SYMBOL        C_T2
  X:E6F8H         SYMBOL        DBUG
  N:0000H         SYMBOL        DELAY1MS
  D:0083H         SYMBOL        DPH
  D:0085H         SYMBOL        DPH1
  D:0082H         SYMBOL        DPL
  D:0084H         SYMBOL        DPL1
  D:0086H         SYMBOL        DPS
  B:00A8H.7       SYMBOL        EA
  X:E62AH         SYMBOL        ECC1B0
  X:E62BH         SYMBOL        ECC1B1
  X:E62CH         SYMBOL        ECC1B2
  X:E62DH         SYMBOL        ECC2B0
  X:E62EH         SYMBOL        ECC2B1
  X:E62FH         SYMBOL        ECC2B2
  X:E628H         SYMBOL        ECCCFG
  X:E629H         SYMBOL        ECCRESET
  B:00E8H.1       SYMBOL        EI2C
  D:00D8H         SYMBOL        EICON
  D:00E8H         SYMBOL        EIE
  B:00E8H.2       SYMBOL        EIEX4
  B:00E8H.3       SYMBOL        EIEX5
  B:00E8H.4       SYMBOL        EIEX6
  D:00F8H         SYMBOL        EIP
  B:00F8H.2       SYMBOL        EIPX4
  B:00F8H.3       SYMBOL        EIPX5
  B:00F8H.4       SYMBOL        EIPX6
  D:00BAH         SYMBOL        EP01STAT
  X:E68AH         SYMBOL        EP0BCH
  X:E68BH         SYMBOL        EP0BCL
  X:E740H         SYMBOL        EP0BUF
  X:E6A0H         SYMBOL        EP0CS
  X:E68FH         SYMBOL        EP1INBC
  X:E7C0H         SYMBOL        EP1INBUF
  X:E611H         SYMBOL        EP1INCFG
  X:E6A2H         SYMBOL        EP1INCS
  X:E68DH         SYMBOL        EP1OUTBC
  X:E780H         SYMBOL        EP1OUTBUF
  X:E610H         SYMBOL        EP1OUTCFG
  X:E6A1H         SYMBOL        EP1OUTCS
  D:00AAH         SYMBOL        EP2468STAT
BL51 BANKED LINKER/LOCATER V6.22                                                      12/21/2022  23:08:09  PAGE 37


  D:00ABH         SYMBOL        EP24FIFOFLGS
  X:E620H         SYMBOL        EP2AUTOINLENH
  X:E621H         SYMBOL        EP2AUTOINLENL
  X:E690H         SYMBOL        EP2BCH
  X:E691H         SYMBOL        EP2BCL
  X:E612H         SYMBOL        EP2CFG
  X:E6A3H         SYMBOL        EP2CS
  X:E6ABH         SYMBOL        EP2FIFOBCH
  X:E6ACH         SYMBOL        EP2FIFOBCL
  X:F000H         SYMBOL        EP2FIFOBUF
  X:E618H         SYMBOL        EP2FIFOCFG
  X:E6A7H         SYMBOL        EP2FIFOFLGS
  X:E650H         SYMBOL        EP2FIFOIE
  X:E651H         SYMBOL        EP2FIFOIRQ
  X:E630H         SYMBOL        EP2FIFOPFH
  X:E631H         SYMBOL        EP2FIFOPFL
  X:E6D2H         SYMBOL        EP2GPIFFLGSEL
  X:E6D3H         SYMBOL        EP2GPIFPFSTOP
  X:E6D0H         SYMBOL        EP2GPIFTCH
  X:E6D1H         SYMBOL        EP2GPIFTCL
  X:E6D4H         SYMBOL        EP2GPIFTRIG
  X:E640H         SYMBOL        EP2ISOINPKTS
  X:E622H         SYMBOL        EP4AUTOINLENH
  X:E623H         SYMBOL        EP4AUTOINLENL
  X:E694H         SYMBOL        EP4BCH
  X:E695H         SYMBOL        EP4BCL
  X:E613H         SYMBOL        EP4CFG
  X:E6A4H         SYMBOL        EP4CS
  X:E6ADH         SYMBOL        EP4FIFOBCH
  X:E6AEH         SYMBOL        EP4FIFOBCL
  X:F400H         SYMBOL        EP4FIFOBUF
  X:E619H         SYMBOL        EP4FIFOCFG
  X:E6A8H         SYMBOL        EP4FIFOFLGS
  X:E652H         SYMBOL        EP4FIFOIE
  X:E653H         SYMBOL        EP4FIFOIRQ
  X:E632H         SYMBOL        EP4FIFOPFH
  X:E633H         SYMBOL        EP4FIFOPFL
  X:E6DAH         SYMBOL        EP4GPIFFLGSEL
  X:E6DBH         SYMBOL        EP4GPIFPFSTOP
  X:E6D0H         SYMBOL        EP4GPIFTCH
  X:E6D1H         SYMBOL        EP4GPIFTCL
  X:E6DCH         SYMBOL        EP4GPIFTRIG
  X:E641H         SYMBOL        EP4ISOINPKTS
  D:00ACH         SYMBOL        EP68FIFOFLGS
  X:E624H         SYMBOL        EP6AUTOINLENH
  X:E625H         SYMBOL        EP6AUTOINLENL
  X:E698H         SYMBOL        EP6BCH
  X:E699H         SYMBOL        EP6BCL
  X:E614H         SYMBOL        EP6CFG
  X:E6A5H         SYMBOL        EP6CS
  X:E6AFH         SYMBOL        EP6FIFOBCH
  X:E6B0H         SYMBOL        EP6FIFOBCL
  X:F800H         SYMBOL        EP6FIFOBUF
  X:E61AH         SYMBOL        EP6FIFOCFG
  X:E6A9H         SYMBOL        EP6FIFOFLGS
  X:E654H         SYMBOL        EP6FIFOIE
  X:E655H         SYMBOL        EP6FIFOIRQ
BL51 BANKED LINKER/LOCATER V6.22                                                      12/21/2022  23:08:09  PAGE 38


  X:E634H         SYMBOL        EP6FIFOPFH
  X:E635H         SYMBOL        EP6FIFOPFL
  X:E6E2H         SYMBOL        EP6GPIFFLGSEL
  X:E6E3H         SYMBOL        EP6GPIFPFSTOP
  X:E6D0H         SYMBOL        EP6GPIFTCH
  X:E6D1H         SYMBOL        EP6GPIFTCL
  X:E6E4H         SYMBOL        EP6GPIFTRIG
  X:E642H         SYMBOL        EP6ISOINPKTS
  X:E626H         SYMBOL        EP8AUTOINLENH
  X:E627H         SYMBOL        EP8AUTOINLENL
  X:E69CH         SYMBOL        EP8BCH
  X:E69DH         SYMBOL        EP8BCL
  X:E615H         SYMBOL        EP8CFG
  X:E6A6H         SYMBOL        EP8CS
  X:E6B1H         SYMBOL        EP8FIFOBCH
  X:E6B2H         SYMBOL        EP8FIFOBCL
  X:FC00H         SYMBOL        EP8FIFOBUF
  X:E61BH         SYMBOL        EP8FIFOCFG
  X:E6AAH         SYMBOL        EP8FIFOFLGS
  X:E656H         SYMBOL        EP8FIFOIE
  X:E657H         SYMBOL        EP8FIFOIRQ
  X:E636H         SYMBOL        EP8FIFOPFH
  X:E637H         SYMBOL        EP8FIFOPFL
  X:E6EAH         SYMBOL        EP8GPIFFLGSEL
  X:E6EBH         SYMBOL        EP8GPIFPFSTOP
  X:E6D0H         SYMBOL        EP8GPIFTCH
  X:E6D1H         SYMBOL        EP8GPIFTCL
  X:E6ECH         SYMBOL        EP8GPIFTRIG
  X:E643H         SYMBOL        EP8ISOINPKTS
  X:E65EH         SYMBOL        EPIE
  X:E65FH         SYMBOL        EPIRQ
  B:00D8H.5       SYMBOL        ERESI
  X:E664H         SYMBOL        ERRCNTLIM
  C:099EH         SYMBOL        ER_END
  B:00A8H.4       SYMBOL        ES0
  B:00A8H.6       SYMBOL        ES1
  B:00A8H.1       SYMBOL        ET0
  B:00A8H.3       SYMBOL        ET1
  B:00A8H.5       SYMBOL        ET2
  B:00E8H.0       SYMBOL        EUSB
  B:00A8H.0       SYMBOL        EX0
  B:00A8H.2       SYMBOL        EX1
  B:00C8H.3       SYMBOL        EXEN2
  B:00C8H.6       SYMBOL        EXF2
  D:0091H         SYMBOL        EXIF
  X:E67BH         SYMBOL        EXTAUTODAT1
  X:E67CH         SYMBOL        EXTAUTODAT2
  B:00D0H.5       SYMBOL        F0
  X:E609H         SYMBOL        FIFOPINPOLAR
  X:E604H         SYMBOL        FIFORESET
  B:00D0H.1       SYMBOL        FL
  X:E6CCH         SYMBOL        FLOWEDGE
  X:E6C8H         SYMBOL        FLOWEQ0CTL
  X:E6C9H         SYMBOL        FLOWEQ1CTL
  X:E6C7H         SYMBOL        FLOWLOGIC
  X:E6C6H         SYMBOL        FLOWSTATE
  X:E6CBH         SYMBOL        FLOWSTB
BL51 BANKED LINKER/LOCATER V6.22                                                      12/21/2022  23:08:09  PAGE 39


  X:E6CDH         SYMBOL        FLOWSTBHPERIOD
  X:E687H         SYMBOL        FNADDR
  X:E509H         SYMBOL        GPCR2
  X:E6F5H         SYMBOL        GPIFABORT
  X:E6C4H         SYMBOL        GPIFADRH
  X:E6C5H         SYMBOL        GPIFADRL
  X:E6C3H         SYMBOL        GPIFCTLCFG
  X:E60CH         SYMBOL        GPIFHOLDAMOUNT
  X:E6C1H         SYMBOL        GPIFIDLECS
  X:E6C2H         SYMBOL        GPIFIDLECTL
  X:E660H         SYMBOL        GPIFIE
  X:E661H         SYMBOL        GPIFIRQ
  X:E6F3H         SYMBOL        GPIFREADYCFG
  X:E6F4H         SYMBOL        GPIFREADYSTAT
  D:00BDH         SYMBOL        GPIFSGLDATH
  D:00BFH         SYMBOL        GPIFSGLDATLNOX
  D:00BEH         SYMBOL        GPIFSGLDATLX
  X:E6D1H         SYMBOL        GPIFTCB0
  X:E6D0H         SYMBOL        GPIFTCB1
  X:E6CFH         SYMBOL        GPIFTCB2
  X:E6CEH         SYMBOL        GPIFTCB3
  D:00BBH         SYMBOL        GPIFTRIG
  X:E6C0H         SYMBOL        GPIFWFSELECT
  X:E400H         SYMBOL        GPIF_WAVE_DATA
  X:E678H         SYMBOL        I2CS
  X:E67AH         SYMBOL        I2CTL
  X:E679H         SYMBOL        I2DAT
  X:E658H         SYMBOL        IBNIE
  X:E659H         SYMBOL        IBNIRQ
  D:00A8H         SYMBOL        IE
  B:0088H.1       SYMBOL        IE0
  B:0088H.3       SYMBOL        IE1
  X:E601H         SYMBOL        IFCONFIG
  X:E648H         SYMBOL        INPKTEND
  D:00A1H         SYMBOL        INT2CLR
  X:E666H         SYMBOL        INT2IVEC
  D:00A2H         SYMBOL        INT4CLR
  X:E667H         SYMBOL        INT4IVEC
  B:00D8H.3       SYMBOL        INT6
  X:E668H         SYMBOL        INTSETUP
  D:0080H         SYMBOL        IOA
  D:0090H         SYMBOL        IOB
  D:00A0H         SYMBOL        IOC
  D:00B0H         SYMBOL        IOD
  D:00B1H         SYMBOL        IOE
  D:00B8H         SYMBOL        IP
  B:0088H.0       SYMBOL        IT0
  B:0088H.2       SYMBOL        IT1
  C:0997H         SYMBOL        LOOP
  X:E686H         SYMBOL        MICROFRAME
  D:0092H         SYMBOL        MPAGE
  X:E65AH         SYMBOL        NAKIE
  X:E65BH         SYMBOL        NAKIRQ
  D:00B2H         SYMBOL        OEA
  D:00B3H         SYMBOL        OEB
  D:00B4H         SYMBOL        OEC
  D:00B5H         SYMBOL        OED
BL51 BANKED LINKER/LOCATER V6.22                                                      12/21/2022  23:08:09  PAGE 40


  D:00B6H         SYMBOL        OEE
  X:E649H         SYMBOL        OUTPKTEND
  B:00D0H.2       SYMBOL        OV
  B:00D0H.0       SYMBOL        P
  B:0080H.0       SYMBOL        PA0
  B:0080H.1       SYMBOL        PA1
  B:0080H.2       SYMBOL        PA2
  B:0080H.3       SYMBOL        PA3
  B:0080H.4       SYMBOL        PA4
  B:0080H.5       SYMBOL        PA5
  B:0080H.6       SYMBOL        PA6
  B:0080H.7       SYMBOL        PA7
  B:0090H.0       SYMBOL        PB0
  B:0090H.1       SYMBOL        PB1
  B:0090H.2       SYMBOL        PB2
  B:0090H.3       SYMBOL        PB3
  B:0090H.4       SYMBOL        PB4
  B:0090H.5       SYMBOL        PB5
  B:0090H.6       SYMBOL        PB6
  B:0090H.7       SYMBOL        PB7
  B:00A0H.0       SYMBOL        PC0
  B:00A0H.1       SYMBOL        PC1
  B:00A0H.2       SYMBOL        PC2
  B:00A0H.3       SYMBOL        PC3
  B:00A0H.4       SYMBOL        PC4
  B:00A0H.5       SYMBOL        PC5
  B:00A0H.6       SYMBOL        PC6
  B:00A0H.7       SYMBOL        PC7
  D:0087H         SYMBOL        PCON
  B:00B0H.0       SYMBOL        PD0
  B:00B0H.1       SYMBOL        PD1
  B:00B0H.2       SYMBOL        PD2
  B:00B0H.3       SYMBOL        PD3
  B:00B0H.4       SYMBOL        PD4
  B:00B0H.5       SYMBOL        PD5
  B:00B0H.6       SYMBOL        PD6
  B:00B0H.7       SYMBOL        PD7
  B:00F8H.1       SYMBOL        PI2C
  X:E602H         SYMBOL        PINFLAGSAB
  X:E603H         SYMBOL        PINFLAGSCD
  X:E670H         SYMBOL        PORTACFG
  X:E671H         SYMBOL        PORTCCFG
  X:E672H         SYMBOL        PORTECFG
  B:00B8H.4       SYMBOL        PS0
  B:00B8H.6       SYMBOL        PS1
  D:00D0H         SYMBOL        PSW
  B:00B8H.1       SYMBOL        PT0
  B:00B8H.3       SYMBOL        PT1
  B:00B8H.5       SYMBOL        PT2
  B:00F8H.0       SYMBOL        PUSB
  B:00B8H.0       SYMBOL        PX0
  B:00B8H.2       SYMBOL        PX1
  B:0098H.2       SYMBOL        RB8
  B:00C0H.2       SYMBOL        RB81
  D:00CBH         SYMBOL        RCAP2H
  D:00CAH         SYMBOL        RCAP2L
  B:00C8H.5       SYMBOL        RCLK
BL51 BANKED LINKER/LOCATER V6.22                                                      12/21/2022  23:08:09  PAGE 41


  B:0098H.4       SYMBOL        REN
  B:00C0H.4       SYMBOL        REN1
  B:00D8H.4       SYMBOL        RESI
  X:E480H         SYMBOL        RES_WAVEDATA_END
  X:E60BH         SYMBOL        REVCTL
  X:E60AH         SYMBOL        REVID
  B:0098H.0       SYMBOL        RI
  B:00C0H.0       SYMBOL        RI1
  B:00D0H.3       SYMBOL        RS0
  B:00D0H.4       SYMBOL        RS1
  D:0099H         SYMBOL        SBUF0
  D:00C1H         SYMBOL        SBUF1
  D:0098H         SYMBOL        SCON0
  D:00C0H         SYMBOL        SCON1
  X:E6B8H         SYMBOL        SETUPDAT
  B:0098H.7       SYMBOL        SM0
  B:00C0H.7       SYMBOL        SM01
  B:0098H.6       SYMBOL        SM1
  B:00C0H.6       SYMBOL        SM11
  B:0098H.5       SYMBOL        SM2
  B:00C0H.5       SYMBOL        SM21
  B:00D8H.7       SYMBOL        SMOD1
  D:0081H         SYMBOL        SP
  X:E6B5H         SYMBOL        SUDPTRCTL
  X:E6B3H         SYMBOL        SUDPTRH
  X:E6B4H         SYMBOL        SUDPTRL
  X:E681H         SYMBOL        SUSPEND
  D:00C8H         SYMBOL        T2CON
  B:0098H.3       SYMBOL        TB8
  B:00C0H.3       SYMBOL        TB81
  B:00C8H.4       SYMBOL        TCLK
  D:0088H         SYMBOL        TCON
  X:E6F9H         SYMBOL        TESTCFG
  B:0088H.5       SYMBOL        TF0
  B:0088H.7       SYMBOL        TF1
  B:00C8H.7       SYMBOL        TF2
  D:008CH         SYMBOL        TH0
  D:008DH         SYMBOL        TH1
  D:00CDH         SYMBOL        TH2
  B:0098H.1       SYMBOL        TI
  B:00C0H.1       SYMBOL        TI1
  D:008AH         SYMBOL        TL0
  D:008BH         SYMBOL        TL1
  D:00CCH         SYMBOL        TL2
  D:0089H         SYMBOL        TMOD
  X:E683H         SYMBOL        TOGCTL
  B:0088H.4       SYMBOL        TR0
  B:0088H.6       SYMBOL        TR1
  B:00C8H.2       SYMBOL        TR2
  X:E608H         SYMBOL        UART230
  X:E67DH         SYMBOL        UDMACRCH
  X:E67EH         SYMBOL        UDMACRCL
  X:E67FH         SYMBOL        UDMACRCQUAL
  X:E680H         SYMBOL        USBCS
  X:E662H         SYMBOL        USBERRIE
  X:E663H         SYMBOL        USBERRIRQ
  X:E684H         SYMBOL        USBFRAMEH
BL51 BANKED LINKER/LOCATER V6.22                                                      12/21/2022  23:08:09  PAGE 42


  X:E685H         SYMBOL        USBFRAMEL
  X:E65CH         SYMBOL        USBIE
  X:E65DH         SYMBOL        USBIRQ
  X:E6FAH         SYMBOL        USBTEST
  X:E682H         SYMBOL        WAKEUPCS
  X:E6F0H         SYMBOL        XGPIFSGLDATH
  X:E6F2H         SYMBOL        XGPIFSGLDATLNOX
  X:E6F1H         SYMBOL        XGPIFSGLDATLX
  C:098EH         LINE#         48
  C:0990H         LINE#         49
  C:0992H         LINE#         50
  C:0995H         LINE#         51
  C:0997H         LINE#         53
  C:0998H         LINE#         54
  C:099AH         LINE#         55
  C:099CH         LINE#         56
  C:099EH         LINE#         58
  -------         ENDMOD        DELAY1MS

  -------         MODULE        USBJMPTBL
  C:0500H         SEGMENT       ?PR?USB_JUMP_TABLE?USBJT
  N:0045H         PUBLIC        USB_INT2AUTOVECTOR
  N:0055H         PUBLIC        USB_INT4AUTOVECTOR
  C:0500H         PUBLIC        USB_JUMP_TABLE
  N:0000H         SYMBOL        USBJMPTBL
  C:0043H         LINE#         49
  C:0053H         LINE#         53
  C:0500H         LINE#         61
  C:0504H         LINE#         63
  C:0508H         LINE#         65
  C:050CH         LINE#         67
  C:0510H         LINE#         69
  C:0514H         LINE#         71
  C:0518H         LINE#         73
  C:051CH         LINE#         75
  C:0520H         LINE#         77
  C:0524H         LINE#         79
  C:0528H         LINE#         81
  C:052CH         LINE#         83
  C:0530H         LINE#         85
  C:0534H         LINE#         87
  C:0538H         LINE#         89
  C:053CH         LINE#         91
  C:0540H         LINE#         93
  C:0544H         LINE#         95
  C:0548H         LINE#         97
  C:054CH         LINE#         99
  C:0550H         LINE#         101
  C:0554H         LINE#         103
  C:0558H         LINE#         105
  C:055CH         LINE#         107
  C:0560H         LINE#         109
  C:0564H         LINE#         111
  C:0568H         LINE#         113
  C:056CH         LINE#         115
  C:0570H         LINE#         117
  C:0574H         LINE#         119
BL51 BANKED LINKER/LOCATER V6.22                                                      12/21/2022  23:08:09  PAGE 43


  C:0578H         LINE#         121
  C:057CH         LINE#         123
  C:0580H         LINE#         126
  C:0584H         LINE#         128
  C:0588H         LINE#         130
  C:058CH         LINE#         132
  C:0590H         LINE#         134
  C:0594H         LINE#         136
  C:0598H         LINE#         138
  C:059CH         LINE#         140
  C:05A0H         LINE#         142
  C:05A4H         LINE#         144
  C:05A8H         LINE#         146
  C:05ACH         LINE#         148
  C:05B0H         LINE#         150
  C:05B4H         LINE#         152
  -------         ENDMOD        USBJMPTBL

  -------         MODULE        ?C?ULCMP
  C:0A5BH         PUBLIC        ?C?ULCMP
  -------         ENDMOD        ?C?ULCMP

  -------         MODULE        ?C_IBP
  D:001AH         PUBLIC        ?C_IBP
  -------         ENDMOD        ?C_IBP

*** WARNING L16: UNCALLED SEGMENT, IGNORED FOR OVERLAY PROCESS
    SEGMENT: ?PR?_READ_ONE_BYTE?TWI

Program Size: data=52.6 xdata=4473 code=2689
LINK/LOCATE RUN COMPLETE.  1 WARNING(S),  0 ERROR(S)
